_cleanenginealert.xml
_cleanenginebaseborders.xml
_cleanenginebasebutton.xml
_cleanenginebasegui.xml
_cleanenginebasemenus.xml
_cleanenginebasescrollbar.xml
_cleanenginebasesliders.xml
_cleanenginebasetabs.xml
_cleanenginebasewindow.xml
_cleanenginecharacterselectiongui.xml
_CleanEngineCMGR.xml
_cleanenginedropdownbox.xml
_cleanengineiconmaker.xml
_cleanengineminimap.xml
_cleanengineselectbox.xml
_cleanenginesortablecollection.xml
_cleanenginetextureviewer.xml
_confirmdialog.xml
_cleanengineloadingicon.xml
_cleanenginebasegroupbox.xml
defaults.xml
modelfaderpropertypanel_v2.xml
guieditor.xml
he_charcreationpanel.xml
he_confirmdialog.xml
he_controlpanelclassaddremovepanel.xml
he_controlpanelglommedclass.xml
he_controlpanelmainwindow.xml
he_whogui.xml
smarttextinputbox.xml
specoraclespecselector.xml
transform3dpropertypanel_v2.xml
_territorygui.xml
_tooltip.xml
SpecOracleGlomClassesDialog.xml
SpecOracleChooser.xml
SpecOracleAddSpec.xml
unsavedchangesdialog.xml
StyleSetGUI.xml
smartnamevaluepairinput.xml
nodepropertyeditor.xml
nodepropertyeditorbuttons.xml
nodepropertyeditorboolean.xml
specoraclepropertyeditor.xml
_AiDebugger.xml
_AiDebugPropertyEditor.xml
_nodePropertyEditorMarshalTimer.xml
HE_AreaEditLockingGUI.xml
_hotspot.xml
collapsablecategory.xml
_cursors.xml
_colorviewer.xml
