[2026-09-26 14:10:04] Handler: LoginServer listening on port 7979
[2026-09-26 14:10:04] Handler: ShardServer listening on port 20060
[2026-09-26 14:10:04] Handler: TimeServer listening on port 20066
[2026-09-26 14:10:11] Handler: Client '12280310' connected to LoginServer
[2026-09-26 14:10:12] Router: 
   04 0A 04 00 00 0A 7F 01 00 00 41 39 33 45 37 42 43 45 | ..........A93E7BCE
   33 42 43 43 39 35 46 37 31 31 43 30 34 41 43 33 37 46 | 3BCC95F711C04AC37F
   46 33 31 38 31 32 42 30 39 46 46 44 46 45 31 41 30 30 | F31812B09FFDFE1A00
   42 30 42 45 41 45 32 35 30 31 38 37 35 36 32 31 43 44 | B0BEAE2501875621CD
   34 30 31 39 41 39 37 43 39 30 43 39 42 45 38 38 30 34 | 4019A97C90C9BE8804
   34 34 44 37 34 33 32 44 33 38 43 46 42 42 35 35 42 32 | 44D7432D38CFBB55B2
   30 35 43 33 39 44 31 31 46 32 38 30 34 46 45 30 36 44 | 05C39D11F2804FE06D
   39 33 41 37 31 45 34 41 42 38 37 38 36 33 46 37 42 36 | 93A71E4AB87863F7B6
   30 31 33 35 36 46 34 37 32 43 34 45 46 33 32 38 45 39 | 01356F472C4EF328E9
   37 36 31 37 43 34 43 36 39 33 37 30 43 30 44 36 46 34 | 7617C4C69370C0D6F4
   44 45 37 43 44 32 34 32 33 34 30 41 35 42 42 46 43 36 | DE7CD242340A5BBFC6
   35 42 30 38 43 41 39 34 32 44 35 30 31 35 37 46 35 39 | 5B08CA942D50157F59
   39 46 39 30 38 44 39 34 45 39 45 44 43 41 36 38 33 44 | 9F908D94E9EDCA683D
   32 45 43 41 33 43 34 31 46 31 31 45 44 39 45 43 41 46 | 2ECA3C41F11ED9ECAF
   42 32 31 32 46 42 36 42 46 31 44 44 35 35 33 32 32 37 | B212FB6BF1DD553227
   42 34 37 41 42 33 35 42 46 39 38 34 42 37 39 34 43 30 | B47AB35BF984B794C0
   42 44 44 37 45 33 31 37 42 32 36 45 37 33 38 41 38 32 | BDD7E317B26E738A82
   44 41 39 34 39 38 37 33 36 30 37 41 34 44 37 31 44 35 | DA949873607A4D71D5
   31 31 45 43 38 30 41 35 36 35 34 37 39 33 38 43 45 31 | 11EC80A56547938CE1
   33 31 35 46 43 45 33 30 46 41 42 35 35 41 46 33 39 35 | 315FCE30FAB55AF395
   32 31 37 35 38 37 33 39 31 42 45 34 39 37 39 36 30 43 | 217587391BE497960C
   41 36 36 39 39 33 30 42 42 36 39 35 45 43 36 37 38 33 | A669930BB695EC6783
   38 33 36 30 30 31 42 43 43 44 42 46 39 35 35 31 37 31 | 836001BCCDBF955171
   37 36 38 36 39 35 45 35 31 41 30 36 32 42 36 44 36 30 | 768695E51A062B6D60
   41 30 42 35 31 30 30 43 35 30 41 33 43 32 41 45 35 30 | A0B5100C50A3C2AE50
   31 37 30 43 37 45 46 42 32 38 30 41 30 31 44 46 45 46 | 170C7EFB280A01DFEF
   34 34 46 31 36 42 34 42 41 43 41 37 30 30 35 36 31 32 | 44F16B4BACA7005612
   32 43 43 32 38 32 41 45 34 34 32 31 44 38 42 39 37 37 | 2CC282AE4421D8B977
   31 31 35 34 39 42 34 32 36 38 43 30 35 42 43 31 39 33 | 11549B4268C05BC193
   41 39 43 41 39 41 32 45 38 33 41 43 30 34 45 32 45 36 | A9CA9A2E83AC04E2E6
   39 44 32 36 43 33 31 43 43 45 31 31 30 43 41 31 33 33 | 9D26C31CCE110CA133
   32 30 38 39 36 38 38 43 30 44 30 30 41 44 30 36 42 32 | 2089688C0D00AD06B2
   32 38 46 36 36 36 31 34 36 44 31 41 44 46 31 45 30 32 | 28F666146D1ADF1E02
   46 36 31 41 37 33 45 44 41 31 31 34 32 39 36 35 45 30 | F61A73EDA1142965E0
   31 33 43 37 35 46 41 43 32 44 33 34 32 36 33 38 42 31 | 13C75FAC2D342638B1
   38 37 37 44 34 41 38 44 32 44 45 41 35 33 33 35 31 37 | 877D4A8D2DEA533517
   46 45 38 35 41 32 45 33 46 43 30 45 31 34 34 30 33 37 | FE85A2E3FC0E144037
   33 30 42 37 35 31 34 39 36 39 33 45 42 39 36 41 45 35 | 30B75149693EB96AE5
   42 30 30 32 34 32 33 44 39 43 31 46 33 45 30 37 41 32 | B002423D9C1F3E07A2
   33 31 42 36 38 41 43 33 31 46 44 33 33 32 44 43 30 35 | 31B68AC31FD332DC05
   41 35 31 43 31 44 42 31 44 32 32 44 37 32 41 34 33 46 | A51C1DB1D22D72A43F
   32 32 45 44 45 36 44 37 33 33 41 34 39 35 37 39 45 35 | 22EDE6D733A49579E5
   45 32 32 41 39 33 39 41 46 30 33 32 42 36 39 39 39 45 | E22A939AF032B6999E
   45 33 44 32 33 45 31 31 31 33 39 39 34 45 33 31 44 38 | E3D23E1113994E31D8
   42 34 42 38 35 38 30 34 41 44 36 43 36 33 35 30 45 42 | B4B85804AD6C6350EB
   38 45 46 36 32 30 30 30 45 37 35 34 42 42 34 46 44 32 | 8EF62000E754BB4FD2
   41 33 46 45 33 36 45 41 44 38 32 33 46 46 44 38 46 36 | A3FE36EAD823FFD8F6
   38 30 34 32 36 35 41 46 34 44 37 31 37 44 41 35 39 46 | 804265AF4D717DA59F
   33 38 44 45 34 38 43 36 41 31 42 41 44 33 31 32 33 33 | 38DE48C6A1BAD31233
   43 43 44 32 30 46 38 31 37 35 36 41 39 37 45 41 43 36 | CCD20F81756A97EAC6
   41 31 43 41 30 44 43 39 39 30 45 39 38 35 37 34 34 44 | A1CA0DC990E985744D
   32 38 43 42 34 35 43 32 44 43 46 46 32 36 33 37 46 39 | 28CB45C2DCFF2637F9
   32 37 41 32 37 30 39 43 43 43 43 31 43 46 34 35 33 37 | 27A2709CCCC1CF4537
   30 38 33 33 37 33 30 39 32 41 32 34 42 42 44 30 36 35 | 083373092A24BBD065
   41 44 31 41 36 42 35 32 32 31 45 43 35 37 39 31 30 41 | AD1A6B5221EC57910A
   46 37 31 32 41 31 33 38 33 44 32 44 42 41 36 33 33 36 | F712A1383D2DBA6336
   45 44 43 33 31 33 46 30 32 43 42 45 42 46 36 44 37 35 | EDC313F02CBEBF6D75
   34 41 38 34 38 39 35 42                               | 4A84895B

[2026-09-26 14:10:12] Router: 
   05 00 00 00 44 6F 6D 6F 00 22 01 00 00 EC 32 6C AE E0 | ....Domo."....2l..
   32 39 AA B6 37 3A AB E6 32 68 FA E4 37 6E F8 B1 67 32 | 29..7:..2h..7n..g2
   AE B5 36 69 AF E1 67 32 AE E7 31 33 AB E2 37 33 AC B6 | ..6i..g2..13..73..
   30 3C AF B1 36 38 F8 B0 67 3D FF EC 34 6B FC E6 62 6B | 0<..68..g=..4k..bk
   AE B7 35 3D AB E7 32 3A AB E1 65 6F A1 E1 36 3A FA E1 | ..5=..2:..eo..6:..
   67 6F AB B1 63 6B A0 B5 63 39 FC EC 36 6E AB EC 62 38 | go..ck..c9..6n..b8
   AE ED 60 3B A0 E2 32 3E FA E3 31 3B AA E3 32 3E A8 E7 | ..`;..2>..1;..2>..
   38 3C FA E7 63 68 AB B5 32 3C AD E3 34 33 A0 E0 35 38 | 8<..ch..2<..43..58
   A9 E0 62 3D F8 B5 39 6E AA B1 67 6C AD E3 32 68 F8 B7 | ..b=..9n..gl..2h..
   63 39 AC ED 37 39 AF B5 38 6B AC E4 64 3F AA E7 36 3B | c9..79..8k..d?..6;
   AB E6 62 38 AF E3 33 33 A1 E0 38 33 FC B6 62 6B AE ED | ..b8..33..83..bk..
   34 3E AE E2 62 32 A0 B0 62 68 FA B0 37 3E A0 E1 38 39 | 4>..b2..bh..7>..89
   AC B1 64 3C AF E2 38 39 AB B7 37 3E AF B6 30 69 A0 E0 | ..d<..89..7>..0i..
   65 38 FC E5 38 39 AC E4 65 68 A1 E7 63 3E FA E3 30 68 | e8..89..eh..c>..0h
   AE B2 35 32 A0 B1 65 3C FC E5 30 6F A9 EC 64 6B AB F9 | ..52..e<..0o..dk..
   32 6E AA B0 35 3B AA E6 64 32 AE ED 32 38 FB B7 39 6F | 2n..5;..d2..28..9o
   FD EC 60 3A AD E7 64 6B FF ED 65 6E FB E2 00 C8 C3 43 | ..`:..dk..en.....C
   4C EB 0A 8A BA 59 19 42 A5 52 74 37 25 5A 6C 1E F0 1B | L....Y.B.Rt7%Zl...
   4C FC AA F8 B2 6B CF CD C5 06 04 6F 8E 30 7C AD BD A0 | L....k.....o.0|...
   81 F8 01 AF EB C9 62 97 23 DD 28 74 7F D8 66 E8 D9 1B | ......b.#.(t..f...
   31 E2 14 7C 4A 1C 74 DA 42 08 36 AF 00 2B 5A 4B 05 B0 | 1..|J.t.B.6..+ZK..
   20 23 22 49 D7 00 00 00 00 00 00 00 00 00 00 00 00 00 |  #"I..............
   00 00 00 00 00 00 00 00 00 00 00 00 00 00 00 00 00 00 | ..................
   00 00 00 00 00 00 00 00 00 00 00 00 00 00 00 00 00 00 | ..................
   00 00 00 00 00 00 00 00 00 00 00 00 00 00 00 00 00 00 | ..................
   00 00 00 00 00 00 00 00 00 00 00 00 00 00 00 00 00 00 | ..................
   00 00 00 00 00 00 00 00 00 00 00 00 00 00 00 00 00 00 | ..................
   00 00 00 00                                           | ....

[2026-09-26 14:10:12] Router: User 'Domo' logging in with token '0x3F326C3F3F32393F3F373A3F3F32683F3F376E3F3F67323F3F36693F3F67323F3F31333F3F37333F3F303C3F3F36383F3F673D3F3F346B3F3F626B3F3F353D3F3F323A3F3F656F3F3F363A3F3F676F3F3F636B3F3F63393F3F366E3F3F62383F3F603B3F3F323E3F3F313B3F3F323E3F3F383C3F3F63683F3F323C3F3F34333F3F35383F3F623D3F3F396E3F3F676C3F3F32683F3F63393F3F37393F3F386B3F3F643F3F3F363B3F3F62383F3F33333F3F38333F3F626B3F3F343E3F3F62323F3F62683F3F373E3F3F38393F3F643C3F3F38393F3F373E3F3F30693F3F65383F3F38393F3F65683F3F633E3F3F30683F3F35323F3F653C3F3F306F3F3F646B3F3F326E3F3F353B3F3F64323F3F32383F3F396F3F3F603A3F3F646B3F3F656E3F3F'
[2026-09-26 14:10:12] Router: Received Packet [RequestID]
[2026-09-26 14:10:12] Router: User 'Domo' wants to connect to shard '1'
[2026-09-26 14:10:12] Router: Received Packet [Pong]
[2026-09-26 14:10:12] Packet: Constructing Packet [ReplyID]
[2026-09-26 14:10:12] Router: Received Packet [RequestIntroduceConnection]
[2026-09-26 14:10:12] Packet: Constructing Packet [Null]
[2026-09-26 14:10:12] Packet: Constructing Packet [ReplyIntroduceConnection]
[2026-09-26 14:10:12] Router: Received Packet [RequestClose]
[2026-09-26 14:10:12] Handler: Client '1979456' connected to Shard01
[2026-09-26 14:10:12] Handler: Client '12280310' disconnected from LoginServer
[2026-09-26 14:10:12] TORGameServerPacket: Constructing Packet [ClientHello]
[2026-09-26 14:10:12] TORGamePacketHandler: Received a packet [ConnectionHandshake]
[2026-09-26 14:10:12] TORGameClient: Changing client [1979456] state to 'CONNECTED'
[2026-09-26 14:10:12] ConnectionHandshake: Client 'Domo' trying to connect to Shard01
[2026-09-26 14:10:12] TORGameServerPacket: Constructing Packet [ObjectRequest]
[2026-09-26 14:10:12] TORGamePacketHandler: Received a packet [Ping]
[2026-09-26 14:10:12] TORGameServerPacket: Constructing Packet [Ping]
[2026-09-26 14:10:12] TORGamePacketHandler: Received a packet [ObjectReply]
[2026-09-26 14:10:12] ObjectReply: Received Object Reply service=0x0000 id='OmegaServerProxyObjectName' hash='b7a6bba3:8ab55405:d7b5d3e1:5bc541f9' target='Client'
[2026-09-26 14:10:12] TORGameServerPacket: Constructing Packet [SignatureResponse]
[2026-09-26 14:10:12] TORGameServerPacket: Constructing Packet [ClientInformation]
[2026-09-26 14:10:12] TORGameClient: Changing client [1979456] state to 'AUTHED'
[2026-09-26 14:10:12] TORGamePacketHandler: Received a packet [ServiceRequest]
[2026-09-26 14:10:12] ServiceRequest: Received Service Request [*:timesource] object='Application_TimeRequester' hash='fbdaee3d' details=''/''/''
[2026-09-26 14:10:12] TORGameServerPacket: Constructing Packet [ObjectRequest]
[2026-09-26 14:10:12] TORGamePacketHandler: Received a packet [ServiceRequest]
[2026-09-26 14:10:12] ServiceRequest: Received Service Request [RepositoryServer:repositoryserver] object='omegahandlerrepository' hash='ab2f47df:4b5cb1a1:201d18e1' details=''/''/''
[2026-09-26 14:10:12] TORGameServerPacket: Constructing Packet [ObjectRequest]
[2026-09-26 14:10:12] TORGamePacketHandler: Received a packet [ObjectReply]
[2026-09-26 14:10:12] ObjectReply: Received Object Reply service=0x0001 id='Application_TimeRequester' hash='fbdaee3d' target='Client'
[2026-09-26 14:10:12] TORGameServerPacket: Constructing Packet [SignatureResponse]
[2026-09-26 14:10:12] TORGamePacketHandler: Received a packet [ObjectReply]
[2026-09-26 14:10:12] ObjectReply: Received Object Reply service=0x0002 id='omegahandlerrepository' hash='ab2f47df:4b5cb1a1:201d18e1' target='Client'
[2026-09-26 14:10:12] TORGameServerPacket: Constructing Packet [SignatureResponse]
[2026-09-26 14:10:12] TORGameServerPacket: Constructing Packet [RepositoryRevision]
[2026-09-26 14:10:12] TORGamePacketHandler: Received a packet [TimeRequesterRequest]
[2026-09-26 14:10:12] TORGameServerPacket: Constructing Packet [TimeRequesterReply]
[2026-09-26 14:10:12] TORGamePacketHandler: Received a packet [ServiceRequest]
[2026-09-26 14:10:12] ServiceRequest: Received Service Request [ScriptCompilerServer:scriptcompiler] object='omegaserverscriptcompilerobject' hash='c68b6903' details=''/''/''
[2026-09-26 14:10:12] TORGameServerPacket: Constructing Packet [ObjectRequest]
[2026-09-26 14:10:12] TORGamePacketHandler: Received a packet [ServiceRequest]
[2026-09-26 14:10:13] ServiceRequest: Received Service Request [ScriptCompilerClient:scriptcompiler] object='omegaclientscriptcompilerobject' hash='c68b6903' details=''/''/''
[2026-09-26 14:10:13] TORGameServerPacket: Constructing Packet [ObjectRequest]
[2026-09-26 14:10:13] TORGamePacketHandler: Received a packet [ServiceRequest]
[2026-09-26 14:10:13] ServiceRequest: Received Service Request [SearchServer:searchserver] object='omegascriptsearchobject' hash='dfd2980e' details=''/''/''
[2026-09-26 14:10:13] TORGameServerPacket: Constructing Packet [ObjectRequest]
[2026-09-26 14:10:13] TORGamePacketHandler: Received a packet [ServiceRequest]
[2026-09-26 14:10:13] ServiceRequest: Received Service Request [biomonserver:biomon] object='omegametricspublisherobject' hash='3a303af5' details=''/''/''
[2026-09-26 14:10:13] TORGameServerPacket: Constructing Packet [ObjectRequest]
[2026-09-26 14:10:13] TORGamePacketHandler: Received a packet [ServiceRequest]
[2026-09-26 14:10:13] ServiceRequest: Received Service Request [WorldServer:worldserver] object='omegaworldobject' hash='e0edf135' details=''/''/''
[2026-09-26 14:10:13] TORGameServerPacket: Constructing Packet [ObjectRequest]
[2026-09-26 14:10:13] TORGamePacketHandler: Received a packet [ServiceRequest]
[2026-09-26 14:10:13] ServiceRequest: Received Service Request [GameSystemsServer:gamesystemsserver] object='gamesystemsobject0' hash='bd5aa620' details=''/''/''
[2026-09-26 14:10:13] TORGameServerPacket: Constructing Packet [ObjectRequest]
[2026-09-26 14:10:13] TORGamePacketHandler: Received a packet [ServiceRequest]
[2026-09-26 14:10:13] Handler: Client '9207854' connected to TimeServer
[2026-09-26 14:10:13] ServiceRequest: Received Service Request [ChatGateway:chatgateway] object='chatgatewayobject' hash='f82a9dee' details=''/''/''
[2026-09-26 14:10:13] TORGameServerPacket: Constructing Packet [ObjectRequest]
[2026-09-26 14:10:13] TORGameServerPacket: Constructing Packet [ClientHello]
[2026-09-26 14:10:13] TORGamePacketHandler: Received a packet [ServiceRequest]
[2026-09-26 14:10:13] ServiceRequest: Received Service Request [AuctionServer:auctionserver] object='auctionserverclientobject' hash='31f09da5' details=''/''/''
[2026-09-26 14:10:13] TORGameServerPacket: Constructing Packet [ObjectRequest]
[2026-09-26 14:10:13] TORGamePacketHandler: Received a packet [ServiceRequest]
[2026-09-26 14:10:13] ServiceRequest: Received Service Request [Mail:mailserver] object='omegamailresponseobject' hash='3cef3a01' details=''/''/''
[2026-09-26 14:10:13] TORGameServerPacket: Constructing Packet [ObjectRequest]
[2026-09-26 14:10:13] TORGamePacketHandler: Received a packet [ServiceRequest]
[2026-09-26 14:10:13] ServiceRequest: Received Service Request [TrackingServer:trackingserver] object='omegatrackingretailobject' hash='d0accfb8' details=''/''/''
[2026-09-26 14:10:13] TORGameServerPacket: Constructing Packet [ObjectRequest]
[2026-09-26 14:10:13] TORGamePacketHandler: Received a packet [RequestClose]
[2026-09-26 14:10:13] TORGamePacketHandler: Received a packet [ObjectReply]
[2026-09-26 14:10:13] ObjectReply: Received Object Reply service=0x0003 id='omegaserverscriptcompilerobject' hash='c68b6903' target='Client'
[2026-09-26 14:10:13] TORGameServerPacket: Constructing Packet [SignatureResponse]
[2026-09-26 14:10:13] TORGamePacketHandler: Received a packet [ObjectReply]
[2026-09-26 14:10:13] ObjectReply: Received Object Reply service=0x0004 id='omegaclientscriptcompilerobject' hash='c68b6903' target='Client'
[2026-09-26 14:10:13] TORGameServerPacket: Constructing Packet [SignatureResponse]
[2026-09-26 14:10:13] TORGamePacketHandler: Received a packet [ObjectReply]
[2026-09-26 14:10:13] ObjectReply: Received Object Reply service=0x0005 id='omegascriptsearchobject' hash='dfd2980e' target='Client'
[2026-09-26 14:10:13] TORGameServerPacket: Constructing Packet [SignatureResponse]
[2026-09-26 14:10:13] TORGamePacketHandler: Received a packet [ObjectReply]
[2026-09-26 14:10:13] ObjectReply: Received Object Reply service=0x0006 id='omegametricspublisherobject' hash='3a303af5' target='Client'
[2026-09-26 14:10:13] TORGameServerPacket: Constructing Packet [SignatureResponse]
[2026-09-26 14:10:13] TORGamePacketHandler: Received a packet [ObjectReply]
[2026-09-26 14:10:13] ObjectReply: Received Object Reply service=0x0007 id='omegaworldobject' hash='e0edf135' target='Client'
[2026-09-26 14:10:13] TORGameServerPacket: Constructing Packet [SignatureResponse]
[2026-09-26 14:10:13] TORGamePacketHandler: Received a packet [ObjectReply]
[2026-09-26 14:10:13] ObjectReply: Received Object Reply service=0x0009 id='gamesystemsobject0' hash='bd5aa620' target='Client'
[2026-09-26 14:10:13] TORGameServerPacket: Constructing Packet [SignatureResponse]
[2026-09-26 14:10:13] TORGamePacketHandler: Received a packet [ObjectReply]
[2026-09-26 14:10:13] ObjectReply: Received Object Reply service=0x000A id='chatgatewayobject' hash='f82a9dee' target='Client'
[2026-09-26 14:10:13] TORGameServerPacket: Constructing Packet [SignatureResponse]
[2026-09-26 14:10:13] TORGamePacketHandler: Received a packet [ObjectReply]
[2026-09-26 14:10:13] ObjectReply: Received Object Reply service=0x000B id='auctionserverclientobject' hash='31f09da5' target='Client'
[2026-09-26 14:10:13] TORGameServerPacket: Constructing Packet [SignatureResponse]
[2026-09-26 14:10:13] TORGamePacketHandler: Received a packet [ObjectReply]
[2026-09-26 14:10:13] ObjectReply: Received Object Reply service=0x000C id='omegamailresponseobject' hash='3cef3a01' target='Client'
[2026-09-26 14:10:13] TORGameServerPacket: Constructing Packet [SignatureResponse]
[2026-09-26 14:10:13] TORGamePacketHandler: Received a packet [ObjectReply]
[2026-09-26 14:10:13] ObjectReply: Received Object Reply service=0x000D id='omegatrackingretailobject' hash='d0accfb8' target='Client'
[2026-09-26 14:10:13] TORGameServerPacket: Constructing Packet [SignatureResponse]
[2026-09-26 14:10:13] TORGamePacketHandler: Received a packet [RepositorySyncRequest]
[2026-09-26 14:10:13] TORGameServerPacket: Constructing Packet [RepositorySyncReply]
[2026-09-26 14:10:13] RepositorySyncRequest: Repository synchronization acknowledged: cached revision=0, static local archives; this does not verify asset completeness.
[2026-09-26 14:10:17] TORGamePacketHandler: Received a packet [Ping]
[2026-09-26 14:10:17] TORGameServerPacket: Constructing Packet [Ping]
[2026-09-26 14:10:18] TORGamePacketHandler: Received a packet [1048409333]
[2026-09-26 14:10:18] TORGamePacketHandler: Received Unknown Packet [3E7D74F5] name=1048409333 on State 'AUTHED'
   F5 74 7D 3E 02 00 A8 65 01 00 00 00 0F 00 00 00 2F 62 | .t}>...e......../b
   6E 6B 32 2F 73 74 72 65 61 6D 65 64 00 1A 00 00 00 2B | nk2/streamed.....+
   41 53 43 45 4E 44 2B 4C 41 53 54 5F 56 45 52 53 49 4F | ASCEND+LAST_VERSIO
   4E 5F 4F 4E 4C 59 00                                  | N_ONLY.

  decode: bytes=61 type=0x3E7D74F5 routing=0x65A80002 source=0x65A8 destination=0x0002 sourceIsAreaServer=no declaredLength=1 bodyBytes=49 delta=48 body(49)=0f 00 00 00 2f 62 6e 6b 32 2f 73 74 72 65 61 6d 65 64 00 1a 00 00 00 2b 41 53 43 45 4e 44 2b 4c 41 53 54 5f 56 45 52 53 49 4f 4e 5f 4f 4e 4c 59 00
[2026-09-26 14:10:19] TORGamePacketHandler: Received a packet [RepositoryDataRequest]
[2026-09-26 14:10:19] TorArchive: TorArchive: indexed 378505 file hashes from 91 archives in D:\SWTORClassic\swtoremu\Assets2012April
[2026-09-26 14:10:19] TORGameServerPacket: Constructing Packet [RepositoryDataNotFound]
[2026-09-26 14:10:19] RepositoryDataRequest: Repository asset unavailable: request=2, path='/engine/white.tex'. Returned FQN NOT FOUND; verify the matching local archives.
[2026-09-26 14:10:19] TORGamePacketHandler: Received a packet [RepositoryDataRequest]
[2026-09-26 14:10:19] TORGameServerPacket: Constructing Packet [RepositoryDataNotFound]
[2026-09-26 14:10:19] RepositoryDataRequest: Repository asset unavailable: request=3, path='/engine/black.tex'. Returned FQN NOT FOUND; verify the matching local archives.
[2026-09-26 14:10:20] TORGamePacketHandler: Received a packet [ModulesList]
[2026-09-26 14:10:20] ModulesList: ModulesList: len=5306 startupSent=False hex=B6-14-00-00-B2-14-00-00-53-49-A5-A7-03-00-00-00-BE-75-00-30-29-00-00-00-00-00-1F-63-3A-5C-77-69-6E-64-6F-77-73-5C-73-79-73-74-65-6D-33-32-5C-63-6F-6D-62-61-73-65-2E-64-6C-6C-B8-E2-BE-08-00-00-00-67-76-00-70-11-00-00-00-00-00-1D-63-3A-5C-77-69-6E-64-6F-77-73-5C-73-79-73-74-65-6D-33-32-5C-6D-73-63-74-66-2E-64-6C-6C-B6-A6-04-0C-00-00-00-F7-79-00-60-07-00-00-00-00-00-1E-63-3A-5C-77-69-6E-64-6F-77-73-5C-73-79-73-74-65-6D-33-32-5C-64-73-6F-75-6E-64-2E-64-6C-6C-C3-9B-5B-10-00-00-00-D7-57-00-D0-04-00-00-00-00-00-2D-63-3A-5C-77-69-6E-64-6F-77-73-5C-73-79-73-74-65-6D-33-32-5C-64-69-72-65-63-74-78-64-61-74-61-62-61-73-65-68-65-6C-70-65-72-2E-64-6C-6C-66-C3-6A-14-00-00-00-21-72-00-70-22-00-00-00-00-00-7A-63-3A-5C-77-69-6E-64-6F-77-73-5C-77-69-6E-73-78-73-5C-78-38-36-5F-6D-69-63-72-6F-73-6F-66-74-2E-77-69-6E-64-6F-77-73-2E-63-6F-6D-6D-6F-6E-2D-63-6F-6E-74-72-6F-6C-73-5F-36-35-39-35-62-36-34-31-34-34-63-63-66-31-64-66-5F-36-2E-30-2E-32-36-31-30-30-2E-39-32-37-38-5F-6E-6F-6E-65-5F-38-35-62-61-35-32-37-66-66-37-61-63-35-62-30-37-5C-63-6F-6D-63-74-6C-33-32-2E-64-6C-6C-DA-7F-50-15-00-00-00-C6-57-00-F0-0F-00-00-00-00-00-2A-63-3A-5C-77-69-6E-64-6F-77-73-5C-73-79-73-74-65-6D-33-32-5C-74-65-78-74-69-6E-70-75-74-66-72-61-6D-65-77-6F-72-6B-2E-64-6C-6C-B3-13-B1-1A-00-00-00-A9-6D-00-E0-07-00-00-00-00-00-1F-63-3A-5C-77-69-6E-64-6F-77-73-5C-73-79-73-74-65-6D-33-32-5C-75-78-74-68-65-6D-65-2E-64-6C-6C-54-27-E6-21-00-00-00-53-6E-00-40-01-00-00-00-00-00-1F-63-3A-5C-77-69-6E-64-6F-77-73-5C-73-79-73-74-65-6D-33-32-5C-63-72-79-70-74-73-70-2E-64-6C-6C-3D-0F-06-24-00-00-00-6C-6E-00-F0-0A-00-00-00-00-00-1F-63-3A-5C-77-69-6E-64-6F-77-73-5C-73-79-73-74-65-6D-33-32-5C-61-70-70-68-65-6C-70-2E-64-6C-6C-99-B6-4C-24-00-00-00-09-7C-00-80-3C-00-00-00-00-00-20-63-3A-5C-77-69-6E-64-6F-77-73-5C-73-79-73-74-65-6D-33-32-5C-64-33-64-78-39-5F-33-38-2E-64-6C-6C-31-26-AA-25-00-00-00-82-71-00-30-03-00-00-00-00-00-1D-63-3A-5C-77-69-6E-64-6F-77-73-5C-73-79-73-74-65-6D-33-32-5C-77-69-6E-6D-6D-2E-64-6C-6C-D0-A2-64-29-00-00-00-80-76-00-F0-09-00-00-00-00-00-20-63-3A-5C-77-69-6E-64-6F-77-73-5C-73-79-73-74-65-6D-33-32-5C-6F-6C-65-61-75-74-33-32-2E-64-6C-6C-87-C8-2D-31-00-00-00-5C-71-00-60-02-00-00-00-00-00-1E-63-3A-5C-77-69-6E-64-6F-77-73-5C-73-79-73-74-65-6D-33-32-5C-64-77-6D-61-70-69-2E-64-6C-6C-CD-80-61-31-00-00-00-16-76-00-50-08-00-00-00-00-00-20-63-3A-5C-77-69-6E-64-6F-77-73-5C-73-79-73-74-65-6D-33-32-5C-61-64-76-61-70-69-33-32-2E-64-6C-6C-9C-44-BC-36-00-00-00-EB-76-00-70-0C-00-00-00-00-00-1E-63-3A-5C-77-69-6E-64-6F-77-73-5C-73-79-73-74-65-6D-33-32-5C-6D-73-76-63-72-74-2E-64-6C-6C-04-60-80-39-00-00-00-CF-6E-00-80-00-00-00-00-00-00-20-63-3A-5C-77-69-6E-64-6F-77-73-5C-73-79-73-74-65-6D-33-32-5C-72-61-73-61-64-68-6C-70-2E-64-6C-6C-2C-1F-E4-3D-00-00-00-D4-6E-00-D0-10-00-00-00-00-00-1E-63-3A-5C-77-69-6E-64-6F-77-73-5C-73-79-73-74-65-6D-33-32-5C-64-6E-73-61-70-69-2E-64-6C-6C-3E-6B-80-3F-00-00-00-C3-6D-00-20-03-00-00-00-00-00-1E-63-3A-5C-77-69-6E-64-6F-77-73-5C-73-79-73-74-65-6D-33-32-5C-72-73-61-65-6E-68-2E-64-6C-6C-76-BC-AB-3F-00-00-00-5E-76-00-B0-01-00-00-00-00-00-20-63-3A-5C-77-69-6E-64-6F-77-73-5C-73-79-73-74-65-6D-33-32-5C-69-6D-61-67-65-68-6C-70-2E-64-6C-6C-EF-0E-2B-44-00-00-00-D0-6E-00-E0-01-00-00-00-00-00-20-63-3A-5C-77-69-6E-64-6F-77-73-5C-73-79-73-74-65-6D-33-32-5C-6E-6C-61-6E-73-70-5F-63-2E-64-6C-6C-83-F5-4E-47-00-00-00-4E-75-00-60-0D-00-00-00-00-00-1E-63-3A-5C-77-69-6E-64-6F-77-73-5C-73-79-73-74-65-6D-33-32-5C-73-68-63-6F-72-65-2E-64-6C-6C-0A-C5-30-48-00-00-00-60-58-00-00-0E-00-00-00-00-00-25-63-3A-5C-77-69-6E-64-6F-77-73-5C-73-79-73-74-65-6D-33-32-5C-63-6F-72-65-6D-65-73-73-61-67-69-6E-67-2E-64-6C-6C-F1-D9-C7-48-00-00-00-C1-76-00-50-08-00-00-00-00-00-21-63-3A-5C-77-69-6E-64-6F-77-73-5C-73-79-73-74-65-6D-33-32-5C-6D-73-76-63-70-5F-77-69-6E-2E-64-6C-6C-22-AF-E3-48-00-00-00-A0-67-00-00-51-00-00-00-00-00-61-63-3A-5C-77-69-6E-64-6F-77-73-5C-73-79-73-74-65-6D-33-32-5C-64-72-69-76-65-72-73-74-6F-72-65-5C-66-69-6C-65-72-65-70-6F-73-69-74-6F-72-79-5C-6E-76-5F-64-69-73-70-69-2E-69-6E-66-5F-61-6D-64-36-34-5F-62-32-30-63-63-38-61-65-61-65-64-36-34-66-63-32-5C-6E-76-61-70-69-5F-69-6D-70-6C-2E-64-6C-6C-C4-59-4B-4E-00-00-00-20-76-00-70-15-00-00-00-00-00-1D-63-3A-5C-77-69-6E-64-6F-77-73-5C-73-79-73-74-65-6D-33-32-5C-6F-6C-65-33-32-2E-64-6C-6C-7B-70-AA-55-00-00-00-8B-76-00-A0-2D-00-00-00-00-00-22-63-3A-5C-77-69-6E-64-6F-77-73-5C-73-79-73-74-65-6D-33-32-5C-6B-65-72-6E-65-6C-62-61-73-65-2E-64-6C-6C-76-7E-3D-5C-00-00-00-0F-6D-00-B0-02-00-00-00-00-00-20-63-3A-5C-77-69-6E-64-6F-77-73-5C-73-79-73-74-65-6D-33-32-5C-63-72-79-70-74-6E-65-74-2E-64-6C-6C-EF-96-8D-63-00-00-00-B9-76-00-A0-07-00-00-00-00-00-28-63-3A-5C-77-69-6E-64-6F-77-73-5C-73-79-73-74-65-6D-33-32-5C-62-63-72-79-70-74-70-72-69-6D-69-74-69-76-65-73-2E-64-6C-6C-9E-32-FD-68-00-00-00-AC-6F-00-E0-01-00-00-00-00-00-1F-63-3A-5C-77-69-6E-64-6F-77-73-5C-73-79-73-74-65-6D-33-32-5C-70-72-6F-66-61-70-69-2E-64-6C-6C-D1-98-09-6A-00-00-00-0E-7A-00-E0-08-00-00-00-00-00-6A-63-3A-5C-77-69-6E-64-6F-77-73-5C-77-69-6E-73-78-73-5C-78-38-36-5F-6D-69-63-72-6F-73-6F-66-74-2E-76-63-39-30-2E-63-72-74-5F-31-66-63-38-62-33-62-39-61-31-65-31-38-65-33-62-5F-39-2E-30-2E-33-30-37-32-39-2E-39-36-33-35-5F-6E-6F-6E-65-5F-35-30-38-66-66-38-32-65-62-63-62-61-66-65-65-30-5C-6D-73-76-63-70-39-30-2E-64-6C-6C-60-15-41-6C-00-00-00-5C-75-00-20-02-00-00-00-00-00-1D-63-3A-5C-77-69-6E-64-6F-77-73-5C-73-79-73-74-65-6D-33-32-5C-67-64-69-33-32-2E-64-6C-6C-A3-82-FD-6C-00-00-00-79-76-00-A0-06-00-00-00-00-00-1E-63-3A-5C-77-69-6E-64-6F-77-73-5C-73-79-73-74-65-6D-33-32-5C-77-73-32-5F-33-32-2E-64-6C-6C-14-E4-B9-73-00-00-00-00-77-00-50-66-00-00-00-00-00-1F-63-3A-5C-77-69-6E-64-6F-77-73-5C-73-79-73-74-65-6D-33-32-5C-73-68-65-6C-6C-33-32-2E-64-6C-6C-16-2E-AD-75-00-00-00-D9-72-00-50-01-00-00-00-00-00-26-63-3A-5C-77-69-6E-64-6F-77-73-5C-73-79-73-74-65-6D-33-32-5C-6B-65-72-6E-65-6C-2E-61-70-70-63-6F-72-65-2E-64-6C-6C-7B-EF-00-77-00-00-00-78-6D-00-50-02-00-00-00-00-00-1E-63-3A-5C-77-69-6E-64-6F-77-73-5C-73-79-73-74-65-6D-33-32-5C-64-65-76-6F-62-6A-2E-64-6C-6C-CE-F3-67-77-00-00-00-92-7C-00-70-08-00-00-00-00-00-6A-63-3A-5C-77-69-6E-64-6F-77-73-5C-77-69-6E-73-78-73-5C-78-38-36-5F-6D-69-63-72-6F-73-6F-66-74-2E-76-63-38-30-2E-63-72-74-5F-31-66-63-38-62-33-62-39-61-31-65-31-38-65-33-62-5F-38-2E-30-2E-35-30-37-32-37-2E-39-36-38-30-5F-6E-6F-6E-65-5F-64-30-39-30-63-62-37-63-34-34-32-37-38-62-32-38-5C-6D-73-76-63-70-38-30-2E-64-6C-6C-35-6C-05-79-00-00-00-F1-67-00-80-06-00-00-00-00-00-1D-63-3A-5C-77-69-6E-64-6F-77-73-5C-73-79-73-74-65-6D-33-32-5C-6E-76-61-70-69-2E-64-6C-6C-EB-04-04-7F-00-00-00-1F-76-00-70-00-00-00-00-00-00-1B-63-3A-5C-77-69-6E-64-6F-77-73-5C-73-79-73-74-65-6D-33-32-5C-6E-73-69-2E-64-6C-6C-47-E9-6E-7F-00-00-00-58-76-00-20-05-00-00-00-00-00-1F-63-3A-5C-77-69-6E-64-6F-77-73-5C-73-79-73-74-65-6D-33-32-5C-73-68-6C-77-61-70-69-2E-64-6C-6C-1B-4B-FD-83-00-00-00-88-71-00-90-71-00-00-00-00-00-27-63-3A-5C-77-69-6E-64-6F-77-73-5C-73-79-73-74-65-6D-33-32-5C-77-69-6E-64-6F-77-73-2E-73-74-6F-72-61-67-65-2E-64-6C-6C-30-66-D4-84-00-00-00-5A-72-00-E0-00-00-00-00-00-00-1E-63-3A-5C-77-69-6E-64-6F-77-73-5C-73-79-73-74-65-6D-33-32-5C-6D-73-61-73-6E-31-2E-64-6C-6C-F4-19-6F-86-00-00-00-83-7C-00-B0-0E-00-00-00-00-00-23-63-3A-5C-77-69-6E-64-6F-77-73-5C-73-79-73-74-65-6D-33-32-5C-74-65-78-74-73-68-61-70-69-6E-67-2E-64-6C-6C-F6-1F-7A-86-00-00-00-52-6E-00-A0-00-00-00-00-00-00-21-63-3A-5C-77-69-6E-64-6F-77-73-5C-73-79-73-74-65-6D-33-32-5C-63-72-79-70-74-62-61-73-65-2E-64-6C-6C-F7-73-A4-86-00-00-00-98-10-00-20-01-00-00-00-00-00-1E-63-3A-5C-77-69-6E-64-6F-77-73-5C-73-79-73-74-65-6D-33-32-5C-77-73-68-62-74-68-2E-64-6C-6C-28-0E-DA-86-00-00-00-1B-72-00-60-02-00-00-00-00-00-20-63-3A-5C-77-69-6E-64-6F-77-73-5C-73-79-73-74-65-6D-33-32-5C-69-70-68-6C-70-61-70-69-2E-64-6C-6C-AB-8A-5A-8A-00-00-00-DE-76-00-70-06-00-00-00-00-00-20-63-3A-5C-77-69-6E-64-6F-77-73-5C-73-79-73-74-65-6D-33-32-5C-77-69-6E-74-72-75-73-74-2E-64-6C-6C-AA-F7-DF-8F-00-00-00-84-50-00-50-02-00-00-00-00-00-21-63-3A-5C-77-69-6E-64-6F-77-73-5C-73-79-73-74-65-6D-33-32-5C-77-69-6E-6D-6D-62-61-73-65-2E-64-6C-6C-CC-0B-4A-91-00-00-00-FF-76-00-60-00-00-00-00-00-00-1D-63-3A-5C-77-69-6E-64-6F-77-73-5C-73-79-73-74-65-6D-33-32-5C-70-73-61-70-69-2E-64-6C-6C-28-9E-C0-93-00-00-00-E8-75-00-50-08-00-00-00-00-00-1F-63-3A-5C-77-69-6E-64-6F-77-73-5C-73-79-73-74-65-6D-33-32-5C-73-65-63-68-6F-73-74-2E-64-6C-6C-19-3C-AD-95-00-00-00-D8-72-00-80-00-00-00-00-00-00-1F-63-3A-5C-77-69-6E-64-6F-77-73-5C-73-79-73-74-65-6D-33-32-5C-76-65-72-73-69-6F-6E-2E-64-6C-6C-E6-67-FC-98-00-00-00-25-10-00-C0-05-00-00-00-00-00-1C-63-3A-5C-77-69-6E-64-6F-77-73-5C-73-79-73-74-65-6D-33-32-5C-77-6C-64-70-2E-64-6C-6C-A6-23-0E-9C-00-00-00-1A-10-00-F0-09-00-00-00-00-00-23-63-3A-5C-77-69-6E-64-6F-77-73-5C-73-79-73-74-65-6D-33-32-5C-72-65-73-61-6D-70-6C-65-64-6D-6F-2E-64-6C-6C-8D-79-CF-9E-00-00-00-E3-58-00-A0-17-00-00-00-00-00-1C-63-3A-5C-77-69-6E-64-6F-77-73-5C-73-79-73-74-65-6D-33-32-5C-64-33-64-39-2E-64-6C-6C-12-CD-73-A4-00-00-00-2D-75-00-00-11-00-00-00-00-00-20-63-3A-5C-77-69-6E-64-6F-77-73-5C-73-79-73-74-65-6D-33-32-5C-75-63-72-74-62-61-73-65-2E-64-6C-6C-CD-F6-2C-A6-00-00-00-86-6D-00-30-22-00-00-00-00-00-1F-63-3A-5C-77-69-6E-64-6F-77-73-5C-73-79-73-74-65-6D-33-32-5C-77-69-6E-69-6E-65-74-2E-64-6C-6C-D3-AD-AC-A9-00-00-00-68-77-00-F0-1B-00-00-00-00-00-1D-63-3A-5C-77-69-6E-64-6F-77-73-5C-73-79-73-74-65-6D-33-32-5C-6E-74-64-6C-6C-2E-64-6C-6C-DA-B4-9C-AC-00-00-00-E4-72-00-50-05-00-00-00-00-00-20-63-3A-5C-77-69-6E-64-6F-77-73-5C-73-79-73-74-65-6D-33-32-5C-70-6F-77-72-70-72-6F-66-2E-64-6C-6C-F1-71-68-AE-00-00-00-E6-6E-00-B0-01-00-00-00-00-00-20-63-3A-5C-77-69-6E-64-6F-77-73-5C-73-79-73-74-65-6D-33-32-5C-64-68-63-70-63-73-76-63-2E-64-6C-6C-9D-90-CC-B1-00-00-00-F1-75-00-70-1E-00-00-00-00-00-1E-63-3A-5C-77-69-6E-64-6F-77-73-5C-73-79-73-74-65-6D-33-32-5C-75-73-65-72-33-32-2E-64-6C-6C-4D-22-8A-B3-00-00-00-13-76-00-C0-01-00-00-00-00-00-1E-63-3A-5C-77-69-6E-64-6F-77-73-5C-73-79-73-74-65-6D-33-32-5C-77-69-6E-33-32-75-2E-64-6C-6C-A9-41-42-B5-00-00-00-05-6B-00-90-00-00-00-00-00-00-1D-63-3A-5C-77-69-6E-64-6F-77-73-5C-73-79-73-74-65-6D-33-32-5C-6D-73-64-6D-6F-2E-64-6C-6C-8D-F8-74-B6-00-00-00-FC-71-00-80-1E-00-00-00-00-00-1F-63-3A-5C-77-69-6E-64-6F-77-73-5C-73-79-73-74-65-6D-33-32-5C-64-62-67-68-65-6C-70-2E-64-6C-6C-68-B7-9F-B8-00-00-00-04-6F-00-00-04-00-00-00-00-00-20-63-3A-5C-77-69-6E-64-6F-77-73-5C-73-79-73-74-65-6D-33-32-5C-63-66-67-6D-67-72-33-32-2E-64-6C-6C-16-F8-89-BA-00-00-00-20-75-00-C0-0B-00-00-00-00-00-1E-63-3A-5C-77-69-6E-64-6F-77-73-5C-73-79-73-74-65-6D-33-32-5C-72-70-63-72-74-34-2E-64-6C-6C-14-9F-B3-BE-00-00-00-F8-67-00-B0-12-00-00-00-00-00-20-63-3A-5C-77-69-6E-64-6F-77-73-5C-73-79-73-74-65-6D-33-32-5C-64-72-76-73-74-6F-72-65-2E-64-6C-6C-AE-F4-14-C2-00-00-00-78-75-00-10-45-00-00-00-00-00-20-63-3A-5C-77-69-6E-64-6F-77-73-5C-73-79-73-74-65-6D-33-32-5C-73-65-74-75-70-61-70-69-2E-64-6C-6C-A0-61-F7-C2-00-00-00-D6-77-00-30-29-00-00-00-00-00-28-63-3A-5C-77-69-6E-64-6F-77-73-5C-73-79-73-74-65-6D-33-32-5C-63-6F-72-65-75-69-63-6F-6D-70-6F-6E-65-6E-74-73-2E-64-6C-6C-AE-CE-8F-C3-00-00-00-36-76-00-E0-10-00-00-00-00-00-1F-63-3A-5C-77-69-6E-64-6F-77-73-5C-73-79-73-74-65-6D-33-32-5C-63-72-79-70-74-33-32-2E-64-6C-6C-B3-E5-4D-C6-00-00-00-96-10-00-E0-00-00-00-00-00-00-1E-63-3A-5C-77-69-6E-64-6F-77-73-5C-73-79-73-74-65-6D-33-32-5C-77-69-6E-72-6E-72-2E-64-6C-6C-81-22-01-CD-00-00-00-D3-6E-00-A0-00-00-00-00-00-00-1F-63-3A-5C-77-69-6E-64-6F-77-73-5C-73-79-73-74-65-6D-33-32-5C-64-73-70-61-72-73-65-2E-64-6C-6C-CE-47-09-D2-00-00-00-CB-6F-00-40-05-00-00-00-00-00-1F-63-3A-5C-77-69-6E-64-6F-77-73-5C-73-79-73-74-65-6D-33-32-5C-6D-73-77-73-6F-63-6B-2E-64-6C-6C-10-CE-67-D2-00-00-00-56-72-00-F0-00-00-00-00-00-00-1D-63-3A-5C-77-69-6E-64-6F-77-73-5C-73-79-73-74-65-6D-33-32-5C-75-6D-70-64-63-2E-64-6C-6C-E4-19-89-D6-00-00-00-4F-7C-00-B0-09-00-00-00-00-00-6A-63-3A-5C-77-69-6E-64-6F-77-73-5C-77-69-6E-73-78-73-5C-78-38-36-5F-6D-69-63-72-6F-73-6F-66-74-2E-76-63-38-30-2E-63-72-74-5F-31-66-63-38-62-33-62-39-61-31-65-31-38-65-33-62-5F-38-2E-30-2E-35-30-37-32-37-2E-39-36-38-30-5F-6E-6F-6E-65-5F-64-30-39-30-63-62-37-63-34-34-32-37-38-62-32-38-5C-6D-73-76-63-72-38-30-2E-64-6C-6C-CF-AC-41-D7-00-00-00-48-76-00-00-0F-00-00-00-00-00-20-63-3A-5C-77-69-6E-64-6F-77-73-5C-73-79-73-74-65-6D-33-32-5C-6B-65-72-6E-65-6C-33-32-2E-64-6C-6C-9D-C5-48-E2-00-00-00-85-6E-00-C0-01-00-00-00-00-00-1E-63-3A-5C-77-69-6E-64-6F-77-73-5C-73-79-73-74-65-6D-33-32-5C-62-63-72-79-70-74-2E-64-6C-6C-3A-0D-D7-EA-00-00-00-06-58-00-90-0F-00-00-00-00-00-20-63-3A-5C-77-69-6E-64-6F-77-73-5C-73-79-73-74-65-6D-33-32-5C-77-69-6E-74-79-70-65-73-2E-64-6C-6C-6E-44-B2-EC-00-00-00-EC-6C-00-70-03-00-00-00-00-00-1E-63-3A-5C-77-69-6E-64-6F-77-73-5C-73-79-73-74-65-6D-33-32-5C-64-78-63-6F-72-65-2E-64-6C-6C-A9-FA-2D-EF-00-00-00-10-76-00-50-02-00-00-00-00-00-1D-63-3A-5C-77-69-6E-64-6F-77-73-5C-73-79-73-74-65-6D-33-32-5C-69-6D-6D-33-32-2E-64-6C-6C-1C-D4-BF-EF-00-00-00-87-77-00-20-01-00-00-00-00-00-1F-63-3A-5C-77-69-6E-64-6F-77-73-5C-73-79-73-74-65-6D-33-32-5C-6E-61-70-69-6E-73-70-2E-64-6C-6C-43-34-9F-F0-00-00-00-3F-75-00-A0-0E-00-00-00-00-00-21-63-3A-5C-77-69-6E-64-6F-77-73-5C-73-79-73-74-65-6D-33-32-5C-67-64-69-33-32-66-75-6C-6C-2E-64-6C-6C-F5-29-59-F2-00-00-00-B4-79-00-20-29-00-00-00-00-00-20-63-3A-5C-77-69-6E-64-6F-77-73-5C-73-79-73-74-65-6D-33-32-5C-61-63-6C-61-79-65-72-73-2E-64-6C-6C-A4-94-02-F9-00-00-00-C7-6D-00-20-06-00-00-00-00-00-20-63-3A-5C-77-69-6E-64-6F-77-73-5C-73-79-73-74-65-6D-33-32-5C-66-77-70-75-63-6C-6E-74-2E-64-6C-6C-57-6E-5C-FF-00-00-00-E5-79-00-30-0A-00-00-00-00-00-6A-63-3A-5C-77-69-6E-64-6F-77-73-5C-77-69-6E-73-78-73-5C-78-38-36-5F-6D-69-63-72-6F-73-6F-66-74-2E-76-63-39-30-2E-63-72-74-5F-31-66-63-38-62-33-62-39-61-31-65-31-38-65-33-62-5F-39-2E-30-2E-33-30-37-32-39-2E-39-36-33-35-5F-6E-6F-6E-65-5F-35-30-38-66-66-38-32-65-62-63-62-61-66-65-65-30-5C-6D-73-76-63-72-39-30-2E-64-6C-6C-08-BC-0F-B4-1D-00-00-00-1A-00-00-B0-26-01-00-00-00-00-3E-64-3A-5C-73-77-74-6F-72-63-6C-61-73-73-69-63-5C-73-77-74-6F-72-65-6D-75-5C-6E-65-78-75-73-63-6C-69-65-6E-74-5C-6E-65-78-75-73-63-6C-69-65-6E-74-5C-73-77-74-6F-72-2D-65-6D-75-2E-65-78-65-52-62-79-37-00-00-00-1A-7A-00-F0-02-00-00-00-00-00-3E-64-3A-5C-73-77-74-6F-72-63-6C-61-73-73-69-63-5C-73-77-74-6F-72-65-6D-75-5C-6E-65-78-75-73-63-6C-69-65-6E-74-5C-6E-65-78-75-73-63-6C-69-65-6E-74-5C-6D-65-6D-6F-72-79-6D-61-6E-2E-64-6C-6C-46-FC-74-42-00-00-00-00-10-00-10-05-00-00-00-00-00-40-64-3A-5C-73-77-74-6F-72-63-6C-61-73-73-69-63-5C-73-77-74-6F-72-65-6D-75-5C-6E-65-78-75-73-63-6C-69-65-6E-74-5C-6E-65-78-75-73-63-6C-69-65-6E-74-5C-73-70-65-65-64-74-72-65-65-72-74-2E-64-6C-6C-38-00-25-52-00-00-00-71-03-00-D0-09-00-00-00-00-00-3C-64-3A-5C-73-77-74-6F-72-63-6C-61-73-73-69-63-5C-73-77-74-6F-72-65-6D-75-5C-6E-65-78-75-73-63-6C-69-65-6E-74-5C-6E-65-78-75-73-63-6C-69-65-6E-74-5C-67-72-61-6E-6E-79-32-2E-64-6C-6C-95-9C-C8-60-00-00-00-07-7A-00-90-03-00-00-00-00-00-49-64-3A-5C-73-77-74-6F-72-63-6C-61-73-73-69-63-5C-73-77-74-6F-72-65-6D-75-5C-6E-65-78-75-73-63-6C-69-65-6E-74-5C-6E-65-78-75-73-63-6C-69-65-6E-74-5C-72-65-6D-6F-74-65-72-65-6E-64-65-72-65-72-63-6C-69-65-6E-74-2E-64-6C-6C-D1-42-DD-70-00-00-00-0B-7A-00-70-02-00-00-00-00-00-42-64-3A-5C-73-77-74-6F-72-63-6C-61-73-73-69-63-5C-73-77-74-6F-72-65-6D-75-5C-6E-65-78-75-73-63-6C-69-65-6E-74-5C-6E-65-78-75-73-63-6C-69-65-6E-74-5C-62-75-67-73-6C-61-79-65-72-75-74-69-6C-2E-64-6C-6C-44-EA-A1-B7-00-00-00-F0-79-00-90-03-00-00-00-00-00-3A-64-3A-5C-73-77-74-6F-72-63-6C-61-73-73-69-63-5C-73-77-74-6F-72-65-6D-75-5C-6E-65-78-75-73-63-6C-69-65-6E-74-5C-6E-65-78-75-73-63-6C-69-65-6E-74-5C-6E-65-78-75-73-2E-64-6C-6C-A2-3A-7E-EC-00-00-00-F4-79-00-30-02-00-00-00-00-00-41-64-3A-5C-73-77-74-6F-72-63-6C-61-73-73-69-63-5C-73-77-74-6F-72-65-6D-75-5C-6E-65-78-75-73-63-6C-69-65-6E-74-5C-6E-65-78-75-73-63-6C-69-65-6E-74-5C-70-6C-61-74-66-6F-72-6D-69-6E-66-6F-2E-64-6C-6C-01-8C-01-60-1D-00-00-00-AC-6E-00-10-02-00-00-00-00-00-2A-63-3A-5C-70-72-6F-67-72-61-6D-20-66-69-6C-65-73-20-28-78-38-36-29-5C-62-6F-6E-6A-6F-75-72-5C-6D-64-6E-73-6E-73-70-2E-64-6C-6C-00
[2026-09-26 14:10:20] TORGameServerPacket: Constructing Packet [WorldNotifyGauntletVersion]
[2026-09-26 14:10:20] TORGameServerPacket: Constructing Packet [WorldShouldSendScriptErrors]
[2026-09-26 14:10:20] TORGameServerPacket: Constructing Packet [TrackingServerInit]
[2026-09-26 14:10:20] TORGameServerPacket: Constructing Packet [GameSystemNotifyID]
[2026-09-26 14:10:20] TORGameServerPacket: Constructing Packet [WorldHackPack]
[2026-09-26 14:10:20] TORGameServerPacket: Constructing Packet [WorldRequestRPC]
[2026-09-26 14:10:20] ModulesList: Sent deferred world startup packets after ModulesList readiness.
[2026-09-26 14:10:20] TORGamePacketHandler: Received a packet [HackNotifyData]
[2026-09-26 14:10:20] TORGamePacketHandler: Received a packet [RepositoryDataReceipt]
[2026-09-26 14:10:20] RepositoryDataReceipt: Repository resource receipt: value=0.
[2026-09-26 14:10:20] TORGamePacketHandler: Received a packet [RepositoryDataReceipt]
[2026-09-26 14:10:20] RepositoryDataReceipt: Repository resource receipt: value=0.
[2026-09-26 14:10:20] TORGamePacketHandler: Received a packet [WorldByteReport]
[2026-09-26 14:10:20] WorldByteReport: World report 8EB28DE9: component=0x65AB0007 bytes=48 words=[66407307,96215592,4DA226D6,997015DF,00000000,00000000,00000000,00000000,00000000,00000000,00000000,00000000] hex=07-73-40-66-92-55-21-96-D6-26-A2-4D-DF-15-70-99-00-00-00-00-00-00-00-00-00-00-00-00-00-00-00-00-00-00-00-00-00-00-00-00-00-00-00-00-00-00-00-00; no synthetic WorldTravelStatus reply sent.
[2026-09-26 14:10:22] TORGamePacketHandler: Received a packet [Ping]
[2026-09-26 14:10:22] TORGameServerPacket: Constructing Packet [Ping]
[2026-09-26 14:10:28] TORGamePacketHandler: Received a packet [Ping]
[2026-09-26 14:10:28] TORGameServerPacket: Constructing Packet [Ping]
[2026-09-26 14:10:31] TORGamePacketHandler: Received a packet [WorldByteReport]
[2026-09-26 14:10:31] WorldByteReport: World report 8EB28DE9: component=0x65AB0007 bytes=48 words=[041A730E,C0A80A0A,66C1CA57,E5BCAB49,00000000,00000000,00000000,00000000,00000000,00000000,00000000,00000000] hex=0E-73-1A-04-0A-0A-A8-C0-57-CA-C1-66-49-AB-BC-E5-00-00-00-00-00-00-00-00-00-00-00-00-00-00-00-00-00-00-00-00-00-00-00-00-00-00-00-00-00-00-00-00; no synthetic WorldTravelStatus reply sent.
[2026-09-26 14:10:31] TORGamePacketHandler: Received a packet [HackNotifyData]
[2026-09-26 14:10:33] TORGamePacketHandler: Received a packet [Ping]
[2026-09-26 14:10:33] TORGameServerPacket: Constructing Packet [Ping]
[2026-09-26 14:10:33] TORGamePacketHandler: Received a packet [ModulesList]
[2026-09-26 14:10:33] ModulesList: ModulesList: len=12 startupSent=True hex=08-00-00-00-04-00-00-00-00-00-00-00
[2026-09-26 14:10:33] TORGamePacketHandler: Received a packet [CMsgC26464A9]
[2026-09-26 14:10:33] AreaPollExperiment: AREA-POLL CMsgC26464A9: component=0x65AB0007 len=43 placed=none areaSvc=0 mode=Swallow head=27-00-00-00-CF-AC-41-D7-22-00-00-00-00-00-00-00 tail=00-00-00-9D-90-CC-B1-08-00-00-00-00-00-00-00-00
[2026-09-26 14:10:33] AreaPollExperiment: AREA-POLL CMsgC26464A9: decision=swallowed
[2026-09-26 14:10:38] TORGamePacketHandler: Received a packet [Ping]
[2026-09-26 14:10:38] TORGameServerPacket: Constructing Packet [Ping]
[2026-09-26 14:10:43] TORGamePacketHandler: Received a packet [WorldByteReport]
[2026-09-26 14:10:43] WorldByteReport: World report 8EB28DE9: component=0x65AB0007 bytes=48 words=[46226226,42CDCFA2,67B36915,5DD8C919,00000000,00000000,00000000,00000000,00000000,00000000,00000000,00000000] hex=26-62-22-46-A2-CF-CD-42-15-69-B3-67-19-C9-D8-5D-00-00-00-00-00-00-00-00-00-00-00-00-00-00-00-00-00-00-00-00-00-00-00-00-00-00-00-00-00-00-00-00; no synthetic WorldTravelStatus reply sent.
[2026-09-26 14:10:43] TORGamePacketHandler: Received a packet [HackNotifyData]
[2026-09-26 14:10:44] TORGamePacketHandler: Received a packet [Ping]
[2026-09-26 14:10:44] TORGameServerPacket: Constructing Packet [Ping]
[2026-09-26 14:10:45] TORGamePacketHandler: Received a packet [ModulesList]
[2026-09-26 14:10:45] ModulesList: ModulesList: len=12 startupSent=True hex=08-00-00-00-04-00-00-00-00-00-00-00
[2026-09-26 14:10:45] TORGamePacketHandler: Received a packet [CMsgC26464A9]
[2026-09-26 14:10:45] AreaPollExperiment: AREA-POLL CMsgC26464A9: component=0x65AB0007 len=43 placed=none areaSvc=0 mode=Swallow head=27-00-00-00-A3-82-FD-6C-11-00-00-00-00-00-00-00 tail=00-00-00-9D-90-CC-B1-0B-00-00-00-00-00-00-00-00
[2026-09-26 14:10:45] AreaPollExperiment: AREA-POLL CMsgC26464A9: decision=swallowed
[2026-09-26 14:10:49] TORGamePacketHandler: Received a packet [Ping]
[2026-09-26 14:10:49] TORGameServerPacket: Constructing Packet [Ping]
[2026-09-26 14:10:54] TORGamePacketHandler: Received a packet [Ping]
[2026-09-26 14:10:54] TORGameServerPacket: Constructing Packet [Ping]
[2026-09-26 14:10:59] TORGamePacketHandler: Received a packet [Ping]
[2026-09-26 14:10:59] TORGameServerPacket: Constructing Packet [Ping]
[2026-09-26 14:11:04] TORGamePacketHandler: Received a packet [Ping]
[2026-09-26 14:11:04] TORGameServerPacket: Constructing Packet [Ping]
[2026-09-26 14:11:09] TORGamePacketHandler: Received a packet [Ping]
[2026-09-26 14:11:09] TORGameServerPacket: Constructing Packet [Ping]
[2026-09-26 14:11:14] TORGamePacketHandler: Received a packet [Ping]
[2026-09-26 14:11:14] TORGameServerPacket: Constructing Packet [Ping]
[2026-09-26 14:11:20] TORGamePacketHandler: Received a packet [Ping]
[2026-09-26 14:11:20] TORGameServerPacket: Constructing Packet [Ping]
[2026-09-26 14:11:25] TORGamePacketHandler: Received a packet [Ping]
[2026-09-26 14:11:25] TORGameServerPacket: Constructing Packet [Ping]
[2026-09-26 14:11:26] TORGamePacketHandler: Received a packet [ModulesList]
[2026-09-26 14:11:26] ModulesList: ModulesList: len=12 startupSent=True hex=08-00-00-00-04-00-00-00-00-00-00-00
[2026-09-26 14:11:26] TORGamePacketHandler: Received a packet [WorldByteReport]
[2026-09-26 14:11:26] WorldByteReport: World report 8EB28DE9: component=0x65AB0007 bytes=48 words=[65584A06,460195C6,65404254,58C8AAED,00000000,00000000,00000000,00000000,00000000,00000000,00000000,00000000] hex=06-4A-58-65-C6-95-01-46-54-42-40-65-ED-AA-C8-58-00-00-00-00-00-00-00-00-00-00-00-00-00-00-00-00-00-00-00-00-00-00-00-00-00-00-00-00-00-00-00-00; no synthetic WorldTravelStatus reply sent.
[2026-09-26 14:11:26] TORGamePacketHandler: Received a packet [CMsgC26464A9]
[2026-09-26 14:11:26] AreaPollExperiment: AREA-POLL CMsgC26464A9: component=0x65AB0007 len=43 placed=none areaSvc=0 mode=Swallow head=27-00-00-00-CD-80-61-31-1E-00-00-00-00-00-00-00 tail=00-00-00-CD-80-61-31-1B-00-00-00-00-00-00-00-00
[2026-09-26 14:11:26] AreaPollExperiment: AREA-POLL CMsgC26464A9: decision=swallowed
[2026-09-26 14:11:26] TORGamePacketHandler: Received a packet [HackNotifyData]
[2026-09-26 14:11:30] TORGamePacketHandler: Received a packet [Ping]
[2026-09-26 14:11:30] TORGameServerPacket: Constructing Packet [Ping]
[2026-09-26 14:11:35] TORGamePacketHandler: Received a packet [Ping]
[2026-09-26 14:11:35] TORGameServerPacket: Constructing Packet [Ping]
[2026-09-26 14:11:36] TORGamePacketHandler: Received a packet [WorldByteReport]
[2026-09-26 14:11:36] WorldByteReport: World report 8EB28DE9: component=0x65AB0007 bytes=48 words=[D9F5B5F8,3DD2E8F7,B08FB7F9,3E413130,00000000,00000000,00000000,00000000,00000000,00000000,00000000,00000000] hex=F8-B5-F5-D9-F7-E8-D2-3D-F9-B7-8F-B0-30-31-41-3E-00-00-00-00-00-00-00-00-00-00-00-00-00-00-00-00-00-00-00-00-00-00-00-00-00-00-00-00-00-00-00-00; no synthetic WorldTravelStatus reply sent.
[2026-09-26 14:11:36] TORGamePacketHandler: Received a packet [HackNotifyData]
[2026-09-26 14:11:38] TORGamePacketHandler: Received a packet [ModulesList]
[2026-09-26 14:11:38] ModulesList: ModulesList: len=12 startupSent=True hex=08-00-00-00-04-00-00-00-00-00-00-00
[2026-09-26 14:11:40] TORGamePacketHandler: Received a packet [CMsgC26464A9]
[2026-09-26 14:11:40] AreaPollExperiment: AREA-POLL CMsgC26464A9: component=0x65AB0007 len=43 placed=none areaSvc=0 mode=Swallow head=27-00-00-00-CD-80-61-31-1F-00-00-00-00-00-00-00 tail=00-00-00-D3-AD-AC-A9-00-00-00-00-00-00-00-00-00
[2026-09-26 14:11:40] AreaPollExperiment: AREA-POLL CMsgC26464A9: decision=swallowed
[2026-09-26 14:11:40] TORGamePacketHandler: Received a packet [Ping]
[2026-09-26 14:11:40] TORGameServerPacket: Constructing Packet [Ping]
[2026-09-26 14:11:45] TORGamePacketHandler: Received a packet [Ping]
[2026-09-26 14:11:45] TORGameServerPacket: Constructing Packet [Ping]
[2026-09-26 14:11:48] TORGamePacketHandler: Received a packet [WorldByteReport]
[2026-09-26 14:11:48] WorldByteReport: World report 8EB28DE9: component=0x65AB0007 bytes=48 words=[25385307,8A255440,4F886054,DB475E0F,00000000,00000000,00000000,00000000,00000000,00000000,00000000,00000000] hex=07-53-38-25-40-54-25-8A-54-60-88-4F-0F-5E-47-DB-00-00-00-00-00-00-00-00-00-00-00-00-00-00-00-00-00-00-00-00-00-00-00-00-00-00-00-00-00-00-00-00; no synthetic WorldTravelStatus reply sent.
[2026-09-26 14:11:48] TORGamePacketHandler: Received a packet [HackNotifyData]
[2026-09-26 14:11:50] TORGamePacketHandler: Received a packet [ModulesList]
[2026-09-26 14:11:50] ModulesList: ModulesList: len=12 startupSent=True hex=08-00-00-00-04-00-00-00-00-00-00-00
[2026-09-26 14:11:50] TORGamePacketHandler: Received a packet [Ping]
[2026-09-26 14:11:50] TORGameServerPacket: Constructing Packet [Ping]
[2026-09-26 14:11:53] TORGamePacketHandler: Received a packet [CMsgC26464A9]
[2026-09-26 14:11:53] AreaPollExperiment: AREA-POLL CMsgC26464A9: component=0x65AB0007 len=43 placed=none areaSvc=0 mode=Swallow head=27-00-00-00-A3-82-FD-6C-0F-00-00-00-00-00-00-00 tail=00-00-00-CF-AC-41-D7-06-00-00-00-00-00-00-00-00
[2026-09-26 14:11:53] AreaPollExperiment: AREA-POLL CMsgC26464A9: decision=swallowed
[2026-09-26 14:11:55] TORGamePacketHandler: Received a packet [Ping]
[2026-09-26 14:11:55] TORGameServerPacket: Constructing Packet [Ping]
[2026-09-26 14:11:58] TORGamePacketHandler: Received a packet [WorldByteReport]
[2026-09-26 14:11:58] WorldByteReport: World report 8EB28DE9: component=0x65AB0007 bytes=48 words=[B8F584D0,661BED1F,93FF55E9,630706F8,1EC4DDFB,EA1490AB,F125EC76,B00AA8D9,1C3E05AB,0004B69D,93452BCC,1432F831] hex=D0-84-F5-B8-1F-ED-1B-66-E9-55-FF-93-F8-06-07-63-FB-DD-C4-1E-AB-90-14-EA-76-EC-25-F1-D9-A8-0A-B0-AB-05-3E-1C-9D-B6-04-00-CC-2B-45-93-31-F8-32-14; no synthetic WorldTravelStatus reply sent.
[2026-09-26 14:11:58] TORGamePacketHandler: Received a packet [HackNotifyData]
[2026-09-26 14:12:00] TORGamePacketHandler: Received a packet [Ping]
[2026-09-26 14:12:01] TORGameServerPacket: Constructing Packet [Ping]
[2026-09-26 14:12:02] TORGamePacketHandler: Received a packet [ModulesList]
[2026-09-26 14:12:02] ModulesList: ModulesList: len=12 startupSent=True hex=08-00-00-00-04-00-00-00-00-00-00-00
[2026-09-26 14:12:05] TORGamePacketHandler: Received a packet [Ping]
[2026-09-26 14:12:06] TORGameServerPacket: Constructing Packet [Ping]
[2026-09-26 14:12:11] TORGamePacketHandler: Received a packet [Ping]
[2026-09-26 14:12:11] TORGameServerPacket: Constructing Packet [Ping]
[2026-09-26 14:12:16] TORGamePacketHandler: Received a packet [Ping]
[2026-09-26 14:12:16] TORGameServerPacket: Constructing Packet [Ping]
[2026-09-26 14:12:21] TORGamePacketHandler: Received a packet [Ping]
[2026-09-26 14:12:21] TORGameServerPacket: Constructing Packet [Ping]
[2026-09-26 14:12:26] TORGamePacketHandler: Received a packet [Ping]
[2026-09-26 14:12:26] TORGameServerPacket: Constructing Packet [Ping]
[2026-09-26 14:12:31] TORGamePacketHandler: Received a packet [Ping]
[2026-09-26 14:12:31] TORGameServerPacket: Constructing Packet [Ping]
[2026-09-26 14:12:36] TORGamePacketHandler: Received a packet [Ping]
[2026-09-26 14:12:36] TORGameServerPacket: Constructing Packet [Ping]
[2026-09-26 14:12:41] TORGamePacketHandler: Received a packet [Ping]
[2026-09-26 14:12:41] TORGameServerPacket: Constructing Packet [Ping]
[2026-09-26 14:12:46] TORGamePacketHandler: Received a packet [Ping]
[2026-09-26 14:12:46] TORGameServerPacket: Constructing Packet [Ping]
[2026-09-26 14:12:51] TORGamePacketHandler: Received a packet [Ping]
[2026-09-26 14:12:51] TORGameServerPacket: Constructing Packet [Ping]
[2026-09-26 14:12:56] TORGamePacketHandler: Received a packet [Ping]
[2026-09-26 14:12:56] TORGameServerPacket: Constructing Packet [Ping]
[2026-09-26 14:13:01] TORGamePacketHandler: Received a packet [Ping]
[2026-09-26 14:13:01] TORGameServerPacket: Constructing Packet [Ping]
[2026-09-26 14:13:06] TORGamePacketHandler: Received a packet [Ping]
[2026-09-26 14:13:06] TORGameServerPacket: Constructing Packet [Ping]
