[1/101] Copying and converting swtor_en-us_6_0_areas_1.tor
Finished swtor_en-us_6_0_areas_1.tor: 104 payloads verified
[2/101] Copying and converting swtor_en-us_7_0_areas_1.tor
Finished swtor_en-us_7_0_areas_1.tor: 54 payloads verified
[3/101] Copying and converting swtor_en-us_alliance_1.tor
Finished swtor_en-us_alliance_1.tor: 404 payloads verified
[4/101] Copying and converting swtor_en-us_base_areas_b_1.tor
Finished swtor_en-us_base_areas_b_1.tor: 3204 payloads verified
[5/101] Copying and converting swtor_en-us_base_areas_c_1.tor
Finished swtor_en-us_base_areas_c_1.tor: 1468 payloads verified
[6/101] Copying and converting swtor_en-us_base_flashpoint_areas_1.tor
Finished swtor_en-us_base_flashpoint_areas_1.tor: 235 payloads verified
[7/101] Copying and converting swtor_en-us_base_ow_areas_a_1.tor
Finished swtor_en-us_base_ow_areas_a_1.tor: 595 payloads verified
[8/101] Copying and converting swtor_en-us_base_raid_areas_1.tor
Finished swtor_en-us_base_raid_areas_1.tor: 28 payloads verified
[9/101] Copying and converting swtor_en-us_cnv_comp_chars_imp_1.tor
Finished swtor_en-us_cnv_comp_chars_imp_1.tor: 98 payloads verified
[10/101] Copying and converting swtor_en-us_cnv_comp_chars_rep_1.tor
Finished swtor_en-us_cnv_comp_chars_rep_1.tor: 88 payloads verified
[11/101] Copying and converting swtor_en-us_cnv_flashpoint_1.tor
Finished swtor_en-us_cnv_flashpoint_1.tor: 286 payloads verified
[12/101] Copying and converting swtor_en-us_cnv_misc_1.tor
Finished swtor_en-us_cnv_misc_1.tor: 361 payloads verified
[13/101] Copying and converting swtor_en-us_cnv_operation_1.tor
Finished swtor_en-us_cnv_operation_1.tor: 81 payloads verified
[14/101] Copying and converting swtor_en-us_cnv_transitions_1.tor
Finished swtor_en-us_cnv_transitions_1.tor: 57 payloads verified
[15/101] Copying and converting swtor_en-us_daily_area_1.tor
Finished swtor_en-us_daily_area_1.tor: 310 payloads verified
[16/101] Copying and converting swtor_en-us_event_1.tor
Finished swtor_en-us_event_1.tor: 158 payloads verified
[17/101] Copying and converting swtor_en-us_exp_01_1.tor
Finished swtor_en-us_exp_01_1.tor: 182 payloads verified
[18/101] Copying and converting swtor_en-us_exp_seasons_01_1.tor
Finished swtor_en-us_exp_seasons_01_1.tor: 366 payloads verified
[19/101] Copying and converting swtor_en-us_exp_seasons_02_1.tor
Finished swtor_en-us_exp_seasons_02_1.tor: 250 payloads verified
[21/101] Copying and converting swtor_en-us_qtr_1.tor
Finished swtor_en-us_qtr_1.tor: 84 payloads verified
[22/101] Copying and converting swtor_en-us_spvp_1.tor
Finished swtor_en-us_spvp_1.tor: 96 payloads verified
[23/101] Copying and converting swtor_en-us_tutorials_1.tor
Finished swtor_en-us_tutorials_1.tor: 198 payloads verified
[24/101] Copying and converting swtor_en-us_zed_1.tor
Finished swtor_en-us_zed_1.tor: 207 payloads verified
[25/101] Copying and converting swtor_main_4_0_areas_1.tor
Finished swtor_main_4_0_areas_1.tor: 10710 payloads verified
[26/101] Copying and converting swtor_main_5_0_areas_1.tor
Finished swtor_main_5_0_areas_1.tor: 9454 payloads verified
[27/101] Copying and converting swtor_main_6_0_areas_1.tor
Finished swtor_main_6_0_areas_1.tor: 5962 payloads verified
[28/101] Copying and converting swtor_main_7_0_areas_1.tor
Finished swtor_main_7_0_areas_1.tor: 5457 payloads verified
[29/101] Copying and converting swtor_main_7_2_areas_1.tor
Finished swtor_main_7_2_areas_1.tor: 2240 payloads verified
[30/101] Copying and converting swtor_main_anim_1.tor
Finished swtor_main_anim_1.tor: 82628 payloads verified
[31/101] Copying and converting swtor_main_anim_creature_a_1.tor
Finished swtor_main_anim_creature_a_1.tor: 2366 payloads verified
[32/101] Copying and converting swtor_main_anim_creature_b_1.tor
Finished swtor_main_anim_creature_b_1.tor: 8554 payloads verified
[33/101] Copying and converting swtor_main_anim_creature_c_1.tor
Finished swtor_main_anim_creature_c_1.tor: 9817 payloads verified
[34/101] Copying and converting swtor_main_anim_creature_npc_1.tor
Finished swtor_main_anim_creature_npc_1.tor: 21976 payloads verified
[35/101] Copying and converting swtor_main_area_epsilon_1.tor
Finished swtor_main_area_epsilon_1.tor: 1087 payloads verified
[36/101] Copying and converting swtor_main_art_area_all_arch_1.tor
Finished swtor_main_art_area_all_arch_1.tor: 1208 payloads verified
[37/101] Copying and converting swtor_main_art_area_all_item_1.tor
Finished swtor_main_art_area_all_item_1.tor: 16352 payloads verified
[38/101] Copying and converting swtor_main_art_area_all_misc_1.tor
Finished swtor_main_art_area_all_misc_1.tor: 273 payloads verified
[39/101] Copying and converting swtor_main_art_area_bothawui_1.tor
Finished swtor_main_art_area_bothawui_1.tor: 1194 payloads verified
[40/101] Copying and converting swtor_main_art_area_strongholds_1.tor
Finished swtor_main_art_area_strongholds_1.tor: 5487 payloads verified
[41/101] Copying and converting swtor_main_art_creature_a_1.tor
Finished swtor_main_art_creature_a_1.tor: 3405 payloads verified
[42/101] Copying and converting swtor_main_art_creature_b_1.tor
