Verified existing swtor_main_anim_creature_a_1.tor
Verified existing swtor_main_anim_creature_b_1.tor
Downloading swtor_main_anim_creature_npc_1.tor (627069890 bytes)
Verified downloaded swtor_main_anim_creature_npc_1.tor
Downloading swtor_main_anim_humanoid_bfab_1.tor (335322446 bytes)
Verified downloaded swtor_main_anim_humanoid_bfab_1.tor
Downloading swtor_main_anim_humanoid_bfns_1.tor (334689744 bytes)
Verified downloaded swtor_main_anim_humanoid_bfns_1.tor
Downloading swtor_main_anim_humanoid_bmaf_1.tor (338300029 bytes)
Verified downloaded swtor_main_anim_humanoid_bmaf_1.tor
Downloading swtor_main_anim_humanoid_bmns_1.tor (337713211 bytes)
Verified downloaded swtor_main_anim_humanoid_bmns_1.tor
Verified existing swtor_main_anim_misc_1.tor
Downloading swtor_main_areadat_1.tor (452102897 bytes)
Verified downloaded swtor_main_areadat_1.tor
Downloading swtor_main_areadat_epsilon_1.tor (47635735 bytes)
Verified downloaded swtor_main_areadat_epsilon_1.tor
Downloading swtor_main_area_alderaan_1.tor (187860440 bytes)
Download deferred by archive or network; retry 1 in 60 seconds: swtor_main_area_alderaan_1.tor
Verified downloaded swtor_main_area_alderaan_1.tor
Downloading swtor_main_area_balmorra_1.tor (106286440 bytes)
Verified downloaded swtor_main_area_balmorra_1.tor
Downloading swtor_main_area_belsavis_1.tor (175318472 bytes)
Download deferred by archive or network; retry 1 in 60 seconds: swtor_main_area_belsavis_1.tor
Verified downloaded swtor_main_area_belsavis_1.tor
Downloading swtor_main_area_corellia_1.tor (165142319 bytes)
Verified downloaded swtor_main_area_corellia_1.tor
Downloading swtor_main_area_coruscant_1.tor (82815748 bytes)
Download deferred by archive or network; retry 1 in 60 seconds: swtor_main_area_coruscant_1.tor
Verified downloaded swtor_main_area_coruscant_1.tor
Downloading swtor_main_area_dromund_kaas_1.tor (109507165 bytes)
Verified downloaded swtor_main_area_dromund_kaas_1.tor
Downloading swtor_main_area_epsilon_1.tor (579155 bytes)
Verified downloaded swtor_main_area_epsilon_1.tor
Downloading swtor_main_area_hoth_1.tor (352974496 bytes)
Download deferred by archive or network; retry 1 in 60 seconds: swtor_main_area_hoth_1.tor
Verified downloaded swtor_main_area_hoth_1.tor
Downloading swtor_main_area_hutta_1.tor (66512997 bytes)
Verified downloaded swtor_main_area_hutta_1.tor
Downloading swtor_main_area_ilum_1.tor (30963068 bytes)
Download deferred by archive or network; retry 1 in 60 seconds: swtor_main_area_ilum_1.tor
Verified downloaded swtor_main_area_ilum_1.tor
Downloading swtor_main_area_korriban_1.tor (102350285 bytes)
Verified downloaded swtor_main_area_korriban_1.tor
Downloading swtor_main_area_misc_1.tor (299416733 bytes)
Download deferred by archive or network; retry 1 in 60 seconds: swtor_main_area_misc_1.tor
Verified downloaded swtor_main_area_misc_1.tor
Downloading swtor_main_area_nar_shaddaa_1.tor (98112649 bytes)
Verified downloaded swtor_main_area_nar_shaddaa_1.tor
Downloading swtor_main_area_open_worlds_1.tor (20229679 bytes)
Verified downloaded swtor_main_area_open_worlds_1.tor
Downloading swtor_main_area_ord_mantell_1.tor (39219379 bytes)
Download deferred by archive or network; retry 1 in 60 seconds: swtor_main_area_ord_mantell_1.tor
Verified downloaded swtor_main_area_ord_mantell_1.tor
Downloading swtor_main_area_quesh_1.tor (54711881 bytes)
Verified downloaded swtor_main_area_quesh_1.tor
Downloading swtor_main_area_raid_1.tor (8908499 bytes)
Download deferred by archive or network; retry 1 in 60 seconds: swtor_main_area_raid_1.tor
Verified downloaded swtor_main_area_raid_1.tor
Downloading swtor_main_area_taris_1.tor (99829313 bytes)
Verified downloaded swtor_main_area_taris_1.tor
Downloading swtor_main_area_tatooine_1.tor (153545189 bytes)
Download deferred by archive or network; retry 1 in 60 seconds: swtor_main_area_tatooine_1.tor
Verified downloaded swtor_main_area_tatooine_1.tor
Downloading swtor_main_area_tython_1.tor (99311800 bytes)
Verified downloaded swtor_main_area_tython_1.tor
Downloading swtor_main_area_voss_1.tor (214193907 bytes)
Download deferred by archive or network; retry 1 in 60 seconds: swtor_main_area_voss_1.tor
Verified downloaded swtor_main_area_voss_1.tor
Downloading swtor_main_area_zed_1.tor (35023 bytes)
Verified downloaded swtor_main_area_zed_1.tor
Downloading swtor_main_art_area_all_arch_a_1.tor (190628925 bytes)
Download deferred by archive or network; retry 1 in 60 seconds: swtor_main_art_area_all_arch_a_1.tor
Verified downloaded swtor_main_art_area_all_arch_a_1.tor
Downloading swtor_main_art_area_all_arch_b_1.tor (355094780 bytes)
Verified downloaded swtor_main_art_area_all_arch_b_1.tor
Downloading swtor_main_art_area_all_item_1.tor (371591248 bytes)
Verified downloaded swtor_main_art_area_all_item_1.tor
Verified existing swtor_main_art_creature_a_1.tor
Downloading swtor_main_art_creature_b_1.tor (179053048 bytes)
Verified downloaded swtor_main_art_creature_b_1.tor
Downloading swtor_main_art_creature_npc_1.tor (103153860 bytes)
Download deferred by archive or network; retry 1 in 60 seconds: swtor_main_art_creature_npc_1.tor
Verified downloaded swtor_main_art_creature_npc_1.tor
Downloading swtor_main_art_dynamic_cape_1.tor (501135053 bytes)
Verified downloaded swtor_main_art_dynamic_cape_1.tor
Downloading swtor_main_art_dynamic_chest_1.tor (487163309 bytes)
Verified downloaded swtor_main_art_dynamic_chest_1.tor
Downloading swtor_main_art_dynamic_chest_tight_1.tor (445892200 bytes)
Verified downloaded swtor_main_art_dynamic_chest_tight_1.tor
Downloading swtor_main_art_dynamic_hand_1.tor (158252583 bytes)
Verified downloaded swtor_main_art_dynamic_hand_1.tor
Downloading swtor_main_art_dynamic_head_1.tor (604080547 bytes)
Download deferred by archive or network; retry 1 in 60 seconds: swtor_main_art_dynamic_head_1.tor
Verified downloaded swtor_main_art_dynamic_head_1.tor
Downloading swtor_main_art_dynamic_lower_1.tor (532079012 bytes)
Verified downloaded swtor_main_art_dynamic_lower_1.tor
Downloading swtor_main_art_dynamic_mags_1.tor (41894714 bytes)
Verified downloaded swtor_main_art_dynamic_mags_1.tor
Downloading swtor_main_art_fx_1.tor (173175920 bytes)
Download deferred by archive or network; retry 1 in 60 seconds: swtor_main_art_fx_1.tor
Verified downloaded swtor_main_art_fx_1.tor
Downloading swtor_main_art_harvesting_1.tor (9734246 bytes)
Verified downloaded swtor_main_art_harvesting_1.tor
Verified existing swtor_main_art_misc_1.tor
Downloading swtor_main_art_space_combat_1.tor (256198177 bytes)
Download deferred by archive or network; retry 1 in 60 seconds: swtor_main_art_space_combat_1.tor
Verified downloaded swtor_main_art_space_combat_1.tor
Downloading swtor_main_art_vehicle_1.tor (167925528 bytes)
Verified downloaded swtor_main_art_vehicle_1.tor
Downloading swtor_main_art_weapon_1.tor (91793048 bytes)
Download deferred by archive or network; retry 1 in 60 seconds: swtor_main_art_weapon_1.tor
Verified downloaded swtor_main_art_weapon_1.tor
Verified existing swtor_main_art_zed_1.tor
Downloading swtor_main_bnk_audiodata_1.tor (8692293 bytes)
Verified downloaded swtor_main_bnk_audiodata_1.tor
Downloading swtor_main_bnk_audio_1.tor (171488472 bytes)
Download deferred by archive or network; retry 1 in 60 seconds: swtor_main_bnk_audio_1.tor
Verified downloaded swtor_main_bnk_audio_1.tor
Downloading swtor_main_bnk_location_1.tor (570599193 bytes)
Verified downloaded swtor_main_bnk_location_1.tor
Downloading swtor_main_bnk_streamed_a_1.tor (316418825 bytes)
Verified downloaded swtor_main_bnk_streamed_a_1.tor
Downloading swtor_main_bnk_streamed_b_1.tor (347808645 bytes)
Verified downloaded swtor_main_bnk_streamed_b_1.tor
Downloading swtor_main_bnk_streamed_c_1.tor (214597282 bytes)
Verified downloaded swtor_main_bnk_streamed_c_1.tor
Downloading swtor_main_bnk_voc_1.tor (180906614 bytes)
Download deferred by archive or network; retry 1 in 60 seconds: swtor_main_bnk_voc_1.tor
Verified downloaded swtor_main_bnk_voc_1.tor
Downloading swtor_main_cnv_alien_1.tor (356321567 bytes)
Verified downloaded swtor_main_cnv_alien_1.tor
Verified existing swtor_main_gamedata_1.tor
Verified existing swtor_main_gfx_1.tor
Verified existing swtor_main_global_1.tor
Verified existing swtor_main_systemgenerated_gom_1.tor
Verified existing swtor_main_zed_1.tor
Downloading swtor_en-us_area_alderaan_1.tor (309322239 bytes)
Verified downloaded swtor_en-us_area_alderaan_1.tor
Downloading swtor_en-us_area_balmorra_1.tor (355275090 bytes)
Verified downloaded swtor_en-us_area_balmorra_1.tor
Downloading swtor_en-us_area_belsavis_1.tor (282682566 bytes)
Verified downloaded swtor_en-us_area_belsavis_1.tor
Downloading swtor_en-us_area_corellia_1.tor (336893242 bytes)
Download deferred by archive or network; retry 1 in 60 seconds: swtor_en-us_area_corellia_1.tor
Verified downloaded swtor_en-us_area_corellia_1.tor
Downloading swtor_en-us_area_coruscant_1.tor (181973688 bytes)
Verified downloaded swtor_en-us_area_coruscant_1.tor
Downloading swtor_en-us_area_dromund_kaas_1.tor (226411268 bytes)
Download deferred by archive or network; retry 1 in 60 seconds: swtor_en-us_area_dromund_kaas_1.tor
Verified downloaded swtor_en-us_area_dromund_kaas_1.tor
Downloading swtor_en-us_area_hoth_1.tor (277675465 bytes)
Verified downloaded swtor_en-us_area_hoth_1.tor
Downloading swtor_en-us_area_hutta_1.tor (85480698 bytes)
Verified downloaded swtor_en-us_area_hutta_1.tor
Downloading swtor_en-us_area_ilum_1.tor (63796375 bytes)
Download deferred by archive or network; retry 1 in 60 seconds: swtor_en-us_area_ilum_1.tor
Verified downloaded swtor_en-us_area_ilum_1.tor
Downloading swtor_en-us_area_korriban_1.tor (92850762 bytes)
Verified downloaded swtor_en-us_area_korriban_1.tor
Downloading swtor_en-us_area_misc_1.tor (235266480 bytes)
Download deferred by archive or network; retry 1 in 60 seconds: swtor_en-us_area_misc_1.tor
Verified downloaded swtor_en-us_area_misc_1.tor
Downloading swtor_en-us_area_nar_shaddaa_1.tor (289375236 bytes)
Verified downloaded swtor_en-us_area_nar_shaddaa_1.tor
Downloading swtor_en-us_area_open_worlds_1.tor (571155233 bytes)
Verified downloaded swtor_en-us_area_open_worlds_1.tor
Downloading swtor_en-us_area_ord_mantell_1.tor (97093165 bytes)
Verified downloaded swtor_en-us_area_ord_mantell_1.tor
Downloading swtor_en-us_area_quesh_1.tor (42074370 bytes)
Download deferred by archive or network; retry 1 in 60 seconds: swtor_en-us_area_quesh_1.tor
Verified downloaded swtor_en-us_area_quesh_1.tor
Downloading swtor_en-us_area_raid_1.tor (30054007 bytes)
Verified downloaded swtor_en-us_area_raid_1.tor
Downloading swtor_en-us_area_taris_1.tor (331183483 bytes)
Download deferred by archive or network; retry 1 in 60 seconds: swtor_en-us_area_taris_1.tor
Verified downloaded swtor_en-us_area_taris_1.tor
Downloading swtor_en-us_area_tatooine_1.tor (264457441 bytes)
Verified downloaded swtor_en-us_area_tatooine_1.tor
Downloading swtor_en-us_area_tython_1.tor (98088861 bytes)
Download deferred by archive or network; retry 1 in 60 seconds: swtor_en-us_area_tython_1.tor
Verified downloaded swtor_en-us_area_tython_1.tor
Downloading swtor_en-us_area_voss_1.tor (331570425 bytes)
Verified downloaded swtor_en-us_area_voss_1.tor
Downloading swtor_en-us_cnv_comp_chars_imp_1.tor (308237536 bytes)
Verified downloaded swtor_en-us_cnv_comp_chars_imp_1.tor
Downloading swtor_en-us_cnv_comp_chars_rep_1.tor (278385881 bytes)
Download deferred by archive or network; retry 1 in 60 seconds: swtor_en-us_cnv_comp_chars_rep_1.tor
Verified downloaded swtor_en-us_cnv_comp_chars_rep_1.tor
Downloading swtor_en-us_cnv_misc_1.tor (126966827 bytes)
Verified downloaded swtor_en-us_cnv_misc_1.tor
Downloading swtor_en-us_cnv_transitions_1.tor (71019657 bytes)
Download deferred by archive or network; retry 1 in 60 seconds: swtor_en-us_cnv_transitions_1.tor
Verified downloaded swtor_en-us_cnv_transitions_1.tor
Verified existing swtor_en-us_global_1.tor
Downloading swtor_en-us_zed_1.tor (48112846 bytes)
Verified downloaded swtor_en-us_zed_1.tor
Verified complete manifest: 91 archives.
