[2026-09-16 19:37:57] RepositoryDataRequest: Repository asset unavailable: request=78, path='/en-us/str/test/qa/ggarrett/bvt_1dec2011.stb'. Returned FQN NOT FOUND; verify the matching local archives.
[2026-09-16 19:37:57] TORGamePacketHandler: Received a packet [RepositoryDataRequest]
[2026-09-16 19:37:57] TORGameServerPacket: Constructing Packet [RepositoryDataNotFound]
[2026-09-16 19:37:57] RepositoryDataRequest: Repository asset unavailable: request=79, path='/en-us/str/test/qa/ggarrett/bvt_20jan2011.stb'. Returned FQN NOT FOUND; verify the matching local archives.
[2026-09-16 19:37:57] TORGamePacketHandler: Received a packet [RepositoryDataRequest]
[2026-09-16 19:37:57] TORGameServerPacket: Constructing Packet [RepositoryDataNotFound]
[2026-09-16 19:37:57] RepositoryDataRequest: Repository asset unavailable: request=80, path='/en-us/str/test/qa/ggarrett/bvt_22dec2011.stb'. Returned FQN NOT FOUND; verify the matching local archives.
[2026-09-16 19:37:57] TORGamePacketHandler: Received a packet [RepositoryDataRequest]
[2026-09-16 19:37:57] TORGameServerPacket: Constructing Packet [RepositoryDataNotFound]
[2026-09-16 19:37:58] RepositoryDataRequest: Repository asset unavailable: request=81, path='/en-us/str/test/qa/ggarrett/bvt_27_jan2012.stb'. Returned FQN NOT FOUND; verify the matching local archives.
[2026-09-16 19:37:58] TORGamePacketHandler: Received a packet [RepositoryDataRequest]
[2026-09-16 19:37:58] TORGameServerPacket: Constructing Packet [RepositoryDataNotFound]
[2026-09-16 19:37:58] RepositoryDataRequest: Repository asset unavailable: request=82, path='/en-us/str/test/qa/ggarrett/bvt_29nov2011.stb'. Returned FQN NOT FOUND; verify the matching local archives.
[2026-09-16 19:37:58] TORGamePacketHandler: Received a packet [RepositoryDataRequest]
[2026-09-16 19:37:58] TORGameServerPacket: Constructing Packet [RepositoryDataNotFound]
[2026-09-16 19:37:58] RepositoryDataRequest: Repository asset unavailable: request=83, path='/en-us/str/test/qa/ggarrett/bvt_2feb2012.stb'. Returned FQN NOT FOUND; verify the matching local archives.
[2026-09-16 19:37:58] TORGamePacketHandler: Received a packet [RepositoryDataRequest]
[2026-09-16 19:37:58] TORGameServerPacket: Constructing Packet [RepositoryDataNotFound]
[2026-09-16 19:37:58] RepositoryDataRequest: Repository asset unavailable: request=84, path='/en-us/str/test/qa/ggarrett/bvt_5jan2012.stb'. Returned FQN NOT FOUND; verify the matching local archives.
[2026-09-16 19:37:58] TORGamePacketHandler: Received a packet [RepositoryDataRequest]
[2026-09-16 19:37:58] TORGameServerPacket: Constructing Packet [RepositoryDataNotFound]
[2026-09-16 19:37:58] RepositoryDataRequest: Repository asset unavailable: request=85, path='/en-us/str/test/qa/ggarrett/bvt_9dec2011.stb'. Returned FQN NOT FOUND; verify the matching local archives.
[2026-09-16 19:37:58] TORGamePacketHandler: Received a packet [RepositoryDataRequest]
[2026-09-16 19:37:58] TORGameServerPacket: Constructing Packet [RepositoryDataNotFound]
[2026-09-16 19:37:58] RepositoryDataRequest: Repository asset unavailable: request=86, path='/en-us/str/test/qa/jsklarew/bvt/bvt_02162012.stb'. Returned FQN NOT FOUND; verify the matching local archives.
[2026-09-16 19:37:58] TORGamePacketHandler: Received a packet [RepositoryDataRequest]
[2026-09-16 19:37:58] TORGameServerPacket: Constructing Packet [RepositoryDataNotFound]
[2026-09-16 19:37:58] RepositoryDataRequest: Repository asset unavailable: request=87, path='/en-us/str/test/qa/jsklarew/bvt/bvt_02242012.stb'. Returned FQN NOT FOUND; verify the matching local archives.
[2026-09-16 19:37:58] TORGamePacketHandler: Received a packet [RepositoryDataRequest]
[2026-09-16 19:37:58] TORGameServerPacket: Constructing Packet [RepositoryDataNotFound]
[2026-09-16 19:37:58] RepositoryDataRequest: Repository asset unavailable: request=88, path='/en-us/str/test/qa/mhadley.stb'. Returned FQN NOT FOUND; verify the matching local archives.
[2026-09-16 19:37:58] TORGamePacketHandler: Received a packet [RepositoryDataRequest]
[2026-09-16 19:37:58] TORGameServerPacket: Constructing Packet [RepositoryDataNotFound]
[2026-09-16 19:37:58] RepositoryDataRequest: Repository asset unavailable: request=89, path='/en-us/str/test/qst.stb'. Returned FQN NOT FOUND; verify the matching local archives.
[2026-09-16 19:37:58] TORGamePacketHandler: Received a packet [RepositoryDataRequest]
[2026-09-16 19:37:58] TORGameServerPacket: Constructing Packet [RepositoryDataNotFound]
[2026-09-16 19:37:58] RepositoryDataRequest: Repository asset unavailable: request=90, path='/en-us/str/test/rdd.stb'. Returned FQN NOT FOUND; verify the matching local archives.
[2026-09-16 19:37:58] TORGamePacketHandler: Received a packet [RepositoryDataRequest]
[2026-09-16 19:37:58] TORGameServerPacket: Constructing Packet [RepositoryDataNotFound]
[2026-09-16 19:37:58] RepositoryDataRequest: Repository asset unavailable: request=91, path='/en-us/str/test/svy.stb'. Returned FQN NOT FOUND; verify the matching local archives.
[2026-09-16 19:37:58] TORGamePacketHandler: Received a packet [CMsgC26464A9]
[2026-09-16 19:37:58] TORGamePacketHandler: Received a packet [RepositoryDataReceipt]
[2026-09-16 19:37:58] RepositoryDataReceipt: Repository resource receipt: value=0.
[2026-09-16 19:37:58] TORGamePacketHandler: Received a packet [RepositoryDataReceipt]
[2026-09-16 19:37:58] RepositoryDataReceipt: Repository resource receipt: value=0.
[2026-09-16 19:37:58] TORGamePacketHandler: Received a packet [RepositoryDataReceipt]
[2026-09-16 19:37:58] RepositoryDataReceipt: Repository resource receipt: value=0.
[2026-09-16 19:37:58] TORGamePacketHandler: Received a packet [RepositoryDataReceipt]
[2026-09-16 19:37:58] RepositoryDataReceipt: Repository resource receipt: value=0.
[2026-09-16 19:37:58] TORGamePacketHandler: Received a packet [RepositoryDataReceipt]
[2026-09-16 19:37:58] RepositoryDataReceipt: Repository resource receipt: value=0.
[2026-09-16 19:37:58] TORGamePacketHandler: Received a packet [RepositoryDataReceipt]
[2026-09-16 19:37:58] RepositoryDataReceipt: Repository resource receipt: value=0.
[2026-09-16 19:37:58] TORGamePacketHandler: Received a packet [RepositoryDataReceipt]
[2026-09-16 19:37:58] RepositoryDataReceipt: Repository resource receipt: value=0.
[2026-09-16 19:37:58] TORGamePacketHandler: Received a packet [RepositoryDataReceipt]
[2026-09-16 19:37:58] RepositoryDataReceipt: Repository resource receipt: value=0.
[2026-09-16 19:37:58] TORGamePacketHandler: Received a packet [RepositoryDataReceipt]
[2026-09-16 19:37:58] RepositoryDataReceipt: Repository resource receipt: value=0.
[2026-09-16 19:37:58] TORGamePacketHandler: Received a packet [RepositoryDataReceipt]
[2026-09-16 19:37:58] RepositoryDataReceipt: Repository resource receipt: value=0.
[2026-09-16 19:37:58] TORGamePacketHandler: Received a packet [RepositoryDataReceipt]
[2026-09-16 19:37:58] RepositoryDataReceipt: Repository resource receipt: value=0.
[2026-09-16 19:37:58] TORGamePacketHandler: Received a packet [RepositoryDataReceipt]
[2026-09-16 19:37:58] RepositoryDataReceipt: Repository resource receipt: value=0.
[2026-09-16 19:37:58] TORGamePacketHandler: Received a packet [RepositoryDataReceipt]
[2026-09-16 19:37:58] RepositoryDataReceipt: Repository resource receipt: value=0.
[2026-09-16 19:37:58] TORGamePacketHandler: Received a packet [RepositoryDataReceipt]
[2026-09-16 19:37:58] RepositoryDataReceipt: Repository resource receipt: value=0.
[2026-09-16 19:37:58] TORGamePacketHandler: Received a packet [RepositoryDataReceipt]
[2026-09-16 19:37:58] RepositoryDataReceipt: Repository resource receipt: value=0.
[2026-09-16 19:37:58] TORGamePacketHandler: Received a packet [RepositoryDataReceipt]
[2026-09-16 19:37:58] RepositoryDataReceipt: Repository resource receipt: value=0.
[2026-09-16 19:37:59] TORGamePacketHandler: Received a packet [RepositoryDataReceipt]
[2026-09-16 19:37:59] RepositoryDataReceipt: Repository resource receipt: value=0.
[2026-09-16 19:37:59] TORGamePacketHandler: Received a packet [RepositoryDataReceipt]
[2026-09-16 19:37:59] RepositoryDataReceipt: Repository resource receipt: value=0.
[2026-09-16 19:37:59] TORGamePacketHandler: Received a packet [RepositoryDataReceipt]
[2026-09-16 19:37:59] RepositoryDataReceipt: Repository resource receipt: value=0.
[2026-09-16 19:37:59] TORGamePacketHandler: Received a packet [RepositoryDataReceipt]
[2026-09-16 19:37:59] RepositoryDataReceipt: Repository resource receipt: value=0.
[2026-09-16 19:37:59] TORGamePacketHandler: Received a packet [RepositoryDataReceipt]
[2026-09-16 19:37:59] RepositoryDataReceipt: Repository resource receipt: value=0.
[2026-09-16 19:37:59] TORGamePacketHandler: Received a packet [RepositoryDataReceipt]
[2026-09-16 19:37:59] RepositoryDataReceipt: Repository resource receipt: value=0.
[2026-09-16 19:37:59] TORGamePacketHandler: Received a packet [RepositoryDataReceipt]
[2026-09-16 19:37:59] RepositoryDataReceipt: Repository resource receipt: value=0.
[2026-09-16 19:37:59] TORGamePacketHandler: Received a packet [RepositoryDataReceipt]
[2026-09-16 19:37:59] RepositoryDataReceipt: Repository resource receipt: value=0.
[2026-09-16 19:37:59] TORGamePacketHandler: Received a packet [RepositoryDataReceipt]
[2026-09-16 19:37:59] RepositoryDataReceipt: Repository resource receipt: value=0.
[2026-09-16 19:37:59] TORGamePacketHandler: Received a packet [RepositoryDataReceipt]
[2026-09-16 19:37:59] RepositoryDataReceipt: Repository resource receipt: value=0.
[2026-09-16 19:37:59] TORGamePacketHandler: Received a packet [RepositoryDataReceipt]
[2026-09-16 19:37:59] RepositoryDataReceipt: Repository resource receipt: value=0.
[2026-09-16 19:37:59] TORGamePacketHandler: Received a packet [RepositoryDataReceipt]
[2026-09-16 19:37:59] RepositoryDataReceipt: Repository resource receipt: value=0.
[2026-09-16 19:37:59] TORGamePacketHandler: Received a packet [RepositoryDataReceipt]
[2026-09-16 19:37:59] RepositoryDataReceipt: Repository resource receipt: value=0.
[2026-09-16 19:37:59] TORGamePacketHandler: Received a packet [RepositoryDataReceipt]
[2026-09-16 19:37:59] RepositoryDataReceipt: Repository resource receipt: value=0.
[2026-09-16 19:37:59] TORGamePacketHandler: Received a packet [RepositoryDataReceipt]
[2026-09-16 19:37:59] RepositoryDataReceipt: Repository resource receipt: value=0.
[2026-09-16 19:38:01] TORGamePacketHandler: Received a packet [Pong]
[2026-09-16 19:38:01] TORGameServerPacket: Constructing Packet [Pong]
[2026-09-16 19:38:01] TORGamePacketHandler: Received a packet [RepositoryDataRequest]
[2026-09-16 19:38:01] TORGameServerPacket: Constructing Packet [RepositoryDataNotFound]
[2026-09-16 19:38:01] RepositoryDataRequest: Repository asset unavailable: request=92, path='/engine/staging/engine_staging_human_01.gr2'. Returned FQN NOT FOUND; verify the matching local archives.
[2026-09-16 19:38:01] TORGamePacketHandler: Received a packet [RepositoryDataRequest]
[2026-09-16 19:38:01] TORGameServerPacket: Constructing Packet [RepositoryDataNotFound]
[2026-09-16 19:38:01] RepositoryDataRequest: Repository asset unavailable: request=93, path='/engine/staging/engine_staging_human_02.gr2'. Returned FQN NOT FOUND; verify the matching local archives.
[2026-09-16 19:38:01] TORGamePacketHandler: Received a packet [RepositoryDataReceipt]
[2026-09-16 19:38:01] RepositoryDataReceipt: Repository resource receipt: value=0.
[2026-09-16 19:38:01] TORGamePacketHandler: Received a packet [RepositoryDataReceipt]
[2026-09-16 19:38:01] RepositoryDataReceipt: Repository resource receipt: value=0.
[2026-09-16 19:38:01] TORGamePacketHandler: Received a packet [CharacterListRequest]
[2026-09-16 19:38:01] CharacterListRequest: CharacterListRequest: reply routing content=0x0007 transport=0x65AB
[2026-09-16 19:38:01] TORGameServerPacket: Constructing Packet [CharacterListReply]
[2026-09-16 19:38:01] TORGamePacketHandler: Received a packet [SetTrackingInfo]
[2026-09-16 19:38:01] TORGameClient: Setting client tracking info to Character Selection
[2026-09-16 19:38:01] TORGamePacketHandler: Received a packet [RepositoryDataRequest]
[2026-09-16 19:38:01] TORGameServerPacket: Constructing Packet [RepositoryDataNotFound]
[2026-09-16 19:38:01] RepositoryDataRequest: Repository asset unavailable: request=94, path='/world/areas/1/mapnotes.not'. Returned FQN NOT FOUND; verify the matching local archives.
[2026-09-16 19:38:01] TORGamePacketHandler: Received a packet [RepositoryDataRequest]
[2026-09-16 19:38:01] TORGameServerPacket: Constructing Packet [RepositoryDataNotFound]
[2026-09-16 19:38:01] RepositoryDataRequest: Repository asset unavailable: request=95, path='/server/facefx/lepi_base.fxa'. Returned FQN NOT FOUND; verify the matching local archives.
[2026-09-16 19:38:01] TORGamePacketHandler: Received a packet [RepositoryDataReceipt]
[2026-09-16 19:38:01] RepositoryDataReceipt: Repository resource receipt: value=0.
[2026-09-16 19:38:01] TORGamePacketHandler: Received a packet [RepositoryDataReceipt]
[2026-09-16 19:38:01] RepositoryDataReceipt: Repository resource receipt: value=0.
[2026-09-16 19:38:02] TORGamePacketHandler: Received a packet [CharacterListRequest]
[2026-09-16 19:38:02] CharacterListRequest: CharacterListRequest: reply routing content=0x0007 transport=0x65AB
[2026-09-16 19:38:02] TORGameServerPacket: Constructing Packet [CharacterListReply]
[2026-09-16 19:38:03] TORGamePacketHandler: Received a packet [RepositoryDataRequest]
[2026-09-16 19:38:03] TORGameServerPacket: Constructing Packet [RepositoryDataNotFound]
[2026-09-16 19:38:03] RepositoryDataRequest: Repository asset unavailable: request=96, path='/art/shaders/materials/handbma.mat'. Returned FQN NOT FOUND; verify the matching local archives.
[2026-09-16 19:38:03] TORGamePacketHandler: Received a packet [RepositoryDataReceipt]
[2026-09-16 19:38:03] RepositoryDataReceipt: Repository resource receipt: value=0.
[2026-09-16 19:38:03] TORGamePacketHandler: Received a packet [WorldByteReport]
[2026-09-16 19:38:03] WorldByteReport: World report 8EB28DE9: 48 bytes received; no reply defined by the existing C++ handler.
[2026-09-16 19:38:03] TORGamePacketHandler: Received a packet [RepositoryDataRequest]
[2026-09-16 19:38:03] TORGameServerPacket: Constructing Packet [RepositoryDataNotFound]
[2026-09-16 19:38:03] RepositoryDataRequest: Repository asset unavailable: request=97, path='/.tex'. Returned FQN NOT FOUND; verify the matching local archives.
[2026-09-16 19:38:03] TORGamePacketHandler: Received a packet [RepositoryDataReceipt]
[2026-09-16 19:38:03] RepositoryDataReceipt: Repository resource receipt: value=0.
[2026-09-16 19:38:03] TORGamePacketHandler: Received a packet [HackNotifyData]
[2026-09-16 19:38:06] TORGamePacketHandler: Received a packet [Pong]
[2026-09-16 19:38:06] TORGameServerPacket: Constructing Packet [Pong]
[2026-09-16 19:38:10] TORGamePacketHandler: Received a packet [CMsgC26464A9]
[2026-09-16 19:38:11] TORGamePacketHandler: Received a packet [Pong]
[2026-09-16 19:38:11] TORGameServerPacket: Constructing Packet [Pong]
[2026-09-16 19:38:13] TORGamePacketHandler: Received a packet [WorldByteReport]
[2026-09-16 19:38:13] WorldByteReport: World report 8EB28DE9: 48 bytes received; no reply defined by the existing C++ handler.
[2026-09-16 19:38:13] TORGamePacketHandler: Received a packet [HackNotifyData]
[2026-09-16 19:38:14] TORGamePacketHandler: Received a packet [ModulesList]
[2026-09-16 19:38:16] TORGamePacketHandler: Received a packet [Pong]
[2026-09-16 19:38:16] TORGameServerPacket: Constructing Packet [Pong]
[2026-09-16 19:38:21] TORGamePacketHandler: Received a packet [SelectCharacterRequest]
[2026-09-16 19:38:21] TORGameServerPacket: Constructing Packet [SelectCharacterReply]
[2026-09-16 19:38:21] TORGameServerPacket: Constructing Packet [WorldTravelPending]
[2026-09-16 19:38:21] TORGameServerPacket: Constructing Packet [WorldTravelStatus]
[2026-09-16 19:38:21] TORGameServerPacket: Constructing Packet [WorldSendToArea]
[2026-09-16 19:38:21] TORGamePacketHandler: Received a packet [Pong]
[2026-09-16 19:38:21] TORGameServerPacket: Constructing Packet [Pong]
[2026-09-16 19:38:21] TORGamePacketHandler: Received a packet [RepositoryDataRequest]
[2026-09-16 19:38:21] TORGameServerPacket: Constructing Packet [RepositoryDataNotFound]
[2026-09-16 19:38:21] RepositoryDataRequest: Repository asset unavailable: request=98, path='/art/dynamic/spec/all_item_construction_forklift_animated.mag'. Returned FQN NOT FOUND; verify the matching local archives.
[2026-09-16 19:38:21] TORGamePacketHandler: Received a packet [RepositoryDataReceipt]
[2026-09-16 19:38:21] RepositoryDataReceipt: Repository resource receipt: value=0.
[2026-09-16 19:38:23] TORGamePacketHandler: Received a packet [RepositoryDataRequest]
[2026-09-16 19:38:23] TORGameServerPacket: Constructing Packet [RepositoryDataNotFound]
[2026-09-16 19:38:23] RepositoryDataRequest: Repository asset unavailable: request=99, path='/engine/staging/engine_staging_human_01.gr2'. Returned FQN NOT FOUND; verify the matching local archives.
[2026-09-16 19:38:23] TORGamePacketHandler: Received a packet [RepositoryDataRequest]
[2026-09-16 19:38:23] TORGameServerPacket: Constructing Packet [RepositoryDataNotFound]
[2026-09-16 19:38:23] RepositoryDataRequest: Repository asset unavailable: request=100, path='/engine/staging/engine_staging_human_02.gr2'. Returned FQN NOT FOUND; verify the matching local archives.
[2026-09-16 19:38:23] TORGamePacketHandler: Received a packet [RepositoryDataRequest]
[2026-09-16 19:38:23] TORGameServerPacket: Constructing Packet [RepositoryDataNotFound]
[2026-09-16 19:38:23] RepositoryDataRequest: Repository asset unavailable: request=101, path='/art/shaders/materials/material #27.mat'. Returned FQN NOT FOUND; verify the matching local archives.
[2026-09-16 19:38:23] TORGamePacketHandler: Received a packet [RepositoryDataRequest]
[2026-09-16 19:38:24] TORGameServerPacket: Constructing Packet [RepositoryDataNotFound]
[2026-09-16 19:38:24] RepositoryDataRequest: Repository asset unavailable: request=102, path='/art/shaders/materials/speedtree_collision.mat'. Returned FQN NOT FOUND; verify the matching local archives.
[2026-09-16 19:38:24] TORGamePacketHandler: Received a packet [WorldByteReport]
[2026-09-16 19:38:24] WorldByteReport: World report 8EB28DE9: 48 bytes received; no reply defined by the existing C++ handler.
[2026-09-16 19:38:24] TORGamePacketHandler: Received a packet [CMsgC26464A9]
[2026-09-16 19:38:24] TORGamePacketHandler: Received a packet [HackNotifyData]
[2026-09-16 19:38:24] TORGamePacketHandler: Received a packet [RepositoryDataReceipt]
[2026-09-16 19:38:24] RepositoryDataReceipt: Repository resource receipt: value=0.
[2026-09-16 19:38:24] TORGamePacketHandler: Received a packet [RepositoryDataReceipt]
[2026-09-16 19:38:24] RepositoryDataReceipt: Repository resource receipt: value=0.
[2026-09-16 19:38:24] TORGamePacketHandler: Received a packet [RepositoryDataReceipt]
[2026-09-16 19:38:24] RepositoryDataReceipt: Repository resource receipt: value=0.
[2026-09-16 19:38:24] TORGamePacketHandler: Received a packet [RepositoryDataReceipt]
[2026-09-16 19:38:24] RepositoryDataReceipt: Repository resource receipt: value=0.
[2026-09-16 19:38:25] TORGamePacketHandler: Received a packet [ServiceRequest]
[2026-09-16 19:38:25] ServiceRequest: Received Service Request [AreaServer-tython_blockout-4611686019869492753-1-:areaserver] object='omegaareaobject' hash='e00aebae:29f2db17' details=''/''/''
[2026-09-16 19:38:25] TORGameServerPacket: Constructing Packet [ObjectRequest]
[2026-09-16 19:38:25] TORGamePacketHandler: Received a packet [SetTrackingInfo]
[2026-09-16 19:38:25] TORGameClient: Setting client tracking info to tython_blockout
[2026-09-16 19:38:25] TORGamePacketHandler: Received a packet [ObjectReply]
[2026-09-16 19:38:25] ObjectReply: Received Object Reply service=0x0008 id='omegaareaobject' hash='e00aebae:29f2db17' target='Client'
[2026-09-16 19:38:25] TORGameServerPacket: Constructing Packet [SignatureResponse]
[2026-09-16 19:38:25] TORGameServerPacket: Constructing Packet [AreaHackPack]
[2026-09-16 19:38:25] TORGameServerPacket: Constructing Packet [AreaUpdateTimeSource]
[2026-09-16 19:38:26] TORGameServerPacket: Constructing Packet [AreaSendAwarenessRange]
[2026-09-16 19:38:26] TORGameServerPacket: Constructing Packet [AreaRequestRPC]
[2026-09-16 19:38:26] TORGameServerPacket: Constructing Packet [SetMailboxInteraction]
[2026-09-16 19:38:26] TORGameServerPacket: Constructing Packet [AreaTeleportCharacter]
[2026-09-16 19:38:26] TORGameServerPacket: Constructing Packet [AreaClientReplicationTransaction]
[2026-09-16 19:38:26] TORGameServerPacket: Constructing Packet [AreaRequestRPC]
[2026-09-16 19:38:26] TORGameServerPacket: Constructing Packet [AreaRequestRPC]
[2026-09-16 19:38:26] TORGameServerPacket: Constructing Packet [AreaRequestRPC]
[2026-09-16 19:38:26] TORGameServerPacket: Constructing Packet [AreaRequestRPC]
[2026-09-16 19:38:26] TORGameServerPacket: Constructing Packet [AreaRequestRPC]
[2026-09-16 19:38:26] TORGameServerPacket: Constructing Packet [AreaTalk]
[2026-09-16 19:38:26] TORGameServerPacket: Constructing Packet [AreaSetCharacter]
[2026-09-16 19:38:26] TORGameServerPacket: Constructing Packet [AreaSetCharacter]
[2026-09-16 19:38:26] TORGameServerPacket: Constructing Packet [AreaClientReplicationTransaction]
[2026-09-16 19:38:26] TORGameServerPacket: Constructing Packet [AreaEffEventMessage]
[2026-09-16 19:38:26] TORGameServerPacket: Constructing Packet [SystemRequestRPC]
[2026-09-16 19:38:26] TORGameServerPacket: Constructing Packet [AreaRequestRPC]
[2026-09-16 19:38:26] TORGameServerPacket: Constructing Packet [AreaRequestRPC]
[2026-09-16 19:38:26] TORGameServerPacket: Constructing Packet [AreaClientReplicationTransaction]
[2026-09-16 19:38:26] TORGameServerPacket: Constructing Packet [AreaRequestRPC]
[2026-09-16 19:38:26] TORGameServerPacket: Constructing Packet [HasMail]
[2026-09-16 19:38:26] TORGameServerPacket: Constructing Packet [AreaRequestRPC]
[2026-09-16 19:38:26] TORGameServerPacket: Constructing Packet [AreaAwarenessEntered]
[2026-09-16 19:38:26] TORGameServerPacket: Constructing Packet [SMsg23B61238]
[2026-09-16 19:38:26] TORGameServerPacket: Constructing Packet [AreaEffEventMessage]
[2026-09-16 19:38:26] TORGameServerPacket: Constructing Packet [AreaEffEventMessage]
[2026-09-16 19:38:26] TORGameServerPacket: Constructing Packet [AreaEffEventMessage]
[2026-09-16 19:38:26] TORGameServerPacket: Constructing Packet [AreaEffEventMessage]
[2026-09-16 19:38:26] TORGameServerPacket: Constructing Packet [AreaEffEventMessage]
[2026-09-16 19:38:26] TORGameServerPacket: Constructing Packet [AreaEffEventMessage]
[2026-09-16 19:38:26] TORGameServerPacket: Constructing Packet [AreaEffEventMessage]
[2026-09-16 19:38:26] TORGameServerPacket: Constructing Packet [AreaClientReplicationTransaction]
[2026-09-16 19:38:26] TORGameServerPacket: Constructing Packet [AreaClientReplicationTransaction]
[2026-09-16 19:38:26] TORGameServerPacket: Constructing Packet [AreaClientReplicationTransaction]
[2026-09-16 19:38:26] TORGameServerPacket: Constructing Packet [AreaClientReplicationTransaction]
[2026-09-16 19:38:26] TORGameServerPacket: Constructing Packet [AreaClientReplicationTransaction]
[2026-09-16 19:38:26] TORGameServerPacket: Constructing Packet [AreaClientReplicationTransaction]
[2026-09-16 19:38:26] TORGameServerPacket: Constructing Packet [AreaClientReplicationTransaction]
[2026-09-16 19:38:26] TORGameServerPacket: Constructing Packet [AreaAwarenessEntered]
[2026-09-16 19:38:26] TORGameServerPacket: Constructing Packet [AreaClientReplicationTransaction]
[2026-09-16 19:38:26] TORGameServerPacket: Constructing Packet [AreaClientReplicationTransaction]
[2026-09-16 19:38:26] TORGameServerPacket: Constructing Packet [AreaClientReplicationTransaction]
[2026-09-16 19:38:26] TORGameServerPacket: Constructing Packet [AreaClientReplicationTransaction]
[2026-09-16 19:38:26] TORGameServerPacket: Constructing Packet [AreaClientReplicationTransaction]
[2026-09-16 19:38:26] TORGameServerPacket: Constructing Packet [AreaClientReplicationTransaction]
[2026-09-16 19:38:26] TORGameServerPacket: Constructing Packet [AreaClientReplicationTransaction]
[2026-09-16 19:38:26] TORGamePacketHandler: Received a packet [4184722864]
[2026-09-16 19:38:26] TORGamePacketHandler: Received Unknown Packet [F96DCDB0] on State 'AUTHED'
   B0 CD 6D F9 08 00 B3 65 0F 00 00 00 C7 71 C3 79 12 5B | ..m....e.....q.y.[
   66 8E A0 06 04 74 72 75 65                            | f....true

[2026-09-16 19:38:26] TORGamePacketHandler: Received a packet [ModulesList]
[2026-09-16 19:38:26] TORGamePacketHandler: Received a packet [Pong]
[2026-09-16 19:38:26] TORGameServerPacket: Constructing Packet [Pong]
[2026-09-16 19:38:27] TORGamePacketHandler: Received a packet [1249269911]
[2026-09-16 19:38:27] TORGamePacketHandler: Received Unknown Packet [4A765897] on State 'AUTHED'
   97 58 76 4A 09 00 AC 65 09 00 00 00 C7 71 C3 79 12 43 | .XvJ...e.....q.y.C
   35 7C 7C                                              | 5||

[2026-09-16 19:38:31] TORGamePacketHandler: Received a packet [AreaModulesList]
[2026-09-16 19:38:31] TORGamePacketHandler: Received a packet [Pong]
[2026-09-16 19:38:31] TORGameServerPacket: Constructing Packet [Pong]
[2026-09-16 19:38:34] TORGamePacketHandler: Received a packet [WorldByteReport]
[2026-09-16 19:38:34] WorldByteReport: World report 8EB28DE9: 48 bytes received; no reply defined by the existing C++ handler.
[2026-09-16 19:38:34] TORGamePacketHandler: Received a packet [HackNotifyData]
[2026-09-16 19:38:35] TORGamePacketHandler: Received a packet [CMsg7CB9A193]
[2026-09-16 19:38:36] TORGamePacketHandler: Received a packet [Pong]
[2026-09-16 19:38:36] TORGameServerPacket: Constructing Packet [Pong]
[2026-09-16 19:38:37] TORGamePacketHandler: Received a packet [CMsgC26464A9]
[2026-09-16 19:38:38] TORGamePacketHandler: Received a packet [ModulesList]
[2026-09-16 19:38:41] TORGamePacketHandler: Received a packet [Pong]
[2026-09-16 19:38:41] TORGameServerPacket: Constructing Packet [Pong]
[2026-09-16 19:38:44] TORGamePacketHandler: Received a packet [WorldByteReport]
[2026-09-16 19:38:44] WorldByteReport: World report 8EB28DE9: 48 bytes received; no reply defined by the existing C++ handler.
[2026-09-16 19:38:44] TORGamePacketHandler: Received a packet [HackNotifyData]
[2026-09-16 19:38:46] TORGamePacketHandler: Received a packet [AreaModulesList]
[2026-09-16 19:38:46] TORGamePacketHandler: Received a packet [Pong]
[2026-09-16 19:38:46] TORGameServerPacket: Constructing Packet [Pong]
[2026-09-16 19:38:50] TORGamePacketHandler: Received a packet [ModulesList]
[2026-09-16 19:38:50] TORGamePacketHandler: Received a packet [CMsgC26464A9]
[2026-09-16 19:38:51] TORGamePacketHandler: Received a packet [Pong]
[2026-09-16 19:38:51] TORGameServerPacket: Constructing Packet [Pong]
[2026-09-16 19:38:52] TORGamePacketHandler: Received a packet [CMsg7CB9A193]
[2026-09-16 19:38:54] TORGamePacketHandler: Received a packet [WorldByteReport]
[2026-09-16 19:38:54] WorldByteReport: World report 8EB28DE9: 48 bytes received; no reply defined by the existing C++ handler.
[2026-09-16 19:38:54] TORGamePacketHandler: Received a packet [HackNotifyData]
[2026-09-16 19:38:56] TORGamePacketHandler: Received a packet [Pong]
[2026-09-16 19:38:56] TORGameServerPacket: Constructing Packet [Pong]
[2026-09-16 19:39:01] TORGamePacketHandler: Received a packet [AreaModulesList]
[2026-09-16 19:39:01] TORGamePacketHandler: Received a packet [Pong]
[2026-09-16 19:39:01] TORGameServerPacket: Constructing Packet [Pong]
[2026-09-16 19:39:02] TORGamePacketHandler: Received a packet [ModulesList]
[2026-09-16 19:39:03] TORGamePacketHandler: Received a packet [CMsgC26464A9]
[2026-09-16 19:39:04] TORGamePacketHandler: Received a packet [WorldByteReport]
[2026-09-16 19:39:04] WorldByteReport: World report 8EB28DE9: 48 bytes received; no reply defined by the existing C++ handler.
[2026-09-16 19:39:04] TORGamePacketHandler: Received a packet [HackNotifyData]
[2026-09-16 19:39:06] TORGamePacketHandler: Received a packet [Pong]
[2026-09-16 19:39:06] TORGameServerPacket: Constructing Packet [Pong]
[2026-09-16 19:39:09] TORGamePacketHandler: Received a packet [CMsg7CB9A193]
[2026-09-16 19:39:11] TORGamePacketHandler: Received a packet [Pong]
[2026-09-16 19:39:11] TORGameServerPacket: Constructing Packet [Pong]
[2026-09-16 19:39:14] TORGamePacketHandler: Received a packet [ModulesList]
[2026-09-16 19:39:14] TORGamePacketHandler: Received a packet [WorldByteReport]
[2026-09-16 19:39:14] WorldByteReport: World report 8EB28DE9: 48 bytes received; no reply defined by the existing C++ handler.
[2026-09-16 19:39:14] TORGamePacketHandler: Received a packet [HackNotifyData]
[2026-09-16 19:39:16] TORGamePacketHandler: Received a packet [CMsgC26464A9]
[2026-09-16 19:39:16] TORGamePacketHandler: Received a packet [AreaModulesList]
[2026-09-16 19:39:16] TORGamePacketHandler: Received a packet [Pong]
[2026-09-16 19:39:16] TORGameServerPacket: Constructing Packet [Pong]
[2026-09-16 19:39:21] TORGamePacketHandler: Received a packet [Pong]
[2026-09-16 19:39:21] TORGameServerPacket: Constructing Packet [Pong]
[2026-09-16 19:39:24] TORGamePacketHandler: Received a packet [WorldByteReport]
[2026-09-16 19:39:24] WorldByteReport: World report 8EB28DE9: 48 bytes received; no reply defined by the existing C++ handler.
[2026-09-16 19:39:24] TORGamePacketHandler: Received a packet [HackNotifyData]
[2026-09-16 19:39:26] TORGamePacketHandler: Received a packet [ModulesList]
[2026-09-16 19:39:26] TORGamePacketHandler: Received a packet [CMsg7CB9A193]
[2026-09-16 19:39:26] TORGamePacketHandler: Received a packet [Pong]
[2026-09-16 19:39:26] TORGameServerPacket: Constructing Packet [Pong]
[2026-09-16 19:39:29] TORGamePacketHandler: Received a packet [CMsgC26464A9]
[2026-09-16 19:39:31] TORGamePacketHandler: Received a packet [AreaModulesList]
[2026-09-16 19:39:31] TORGamePacketHandler: Received a packet [Pong]
[2026-09-16 19:39:31] TORGameServerPacket: Constructing Packet [Pong]
[2026-09-16 19:39:34] TORGamePacketHandler: Received a packet [WorldByteReport]
[2026-09-16 19:39:34] WorldByteReport: World report 8EB28DE9: 48 bytes received; no reply defined by the existing C++ handler.
[2026-09-16 19:39:34] TORGamePacketHandler: Received a packet [HackNotifyData]
[2026-09-16 19:39:36] TORGamePacketHandler: Received a packet [Pong]
[2026-09-16 19:39:36] TORGameServerPacket: Constructing Packet [Pong]
[2026-09-16 19:39:38] TORGamePacketHandler: Received a packet [ModulesList]
[2026-09-16 19:39:41] TORGamePacketHandler: Received a packet [Pong]
[2026-09-16 19:39:41] TORGameServerPacket: Constructing Packet [Pong]
[2026-09-16 19:39:42] TORGamePacketHandler: Received a packet [CMsgC26464A9]
[2026-09-16 19:39:43] TORGamePacketHandler: Received a packet [CMsg7CB9A193]
[2026-09-16 19:39:44] TORGamePacketHandler: Received a packet [WorldByteReport]
[2026-09-16 19:39:44] WorldByteReport: World report 8EB28DE9: 48 bytes received; no reply defined by the existing C++ handler.
[2026-09-16 19:39:44] TORGamePacketHandler: Received a packet [HackNotifyData]
[2026-09-16 19:39:46] TORGamePacketHandler: Received a packet [AreaModulesList]
[2026-09-16 19:39:46] TORGamePacketHandler: Received a packet [Pong]
[2026-09-16 19:39:46] TORGameServerPacket: Constructing Packet [Pong]
[2026-09-16 19:39:50] TORGamePacketHandler: Received a packet [ModulesList]
[2026-09-16 19:39:51] TORGamePacketHandler: Received a packet [Pong]
[2026-09-16 19:39:51] TORGameServerPacket: Constructing Packet [Pong]
[2026-09-16 19:39:54] TORGamePacketHandler: Received a packet [WorldByteReport]
[2026-09-16 19:39:54] WorldByteReport: World report 8EB28DE9: 48 bytes received; no reply defined by the existing C++ handler.
[2026-09-16 19:39:54] TORGamePacketHandler: Received a packet [HackNotifyData]
[2026-09-16 19:39:55] TORGamePacketHandler: Received a packet [CMsgC26464A9]
[2026-09-16 19:39:56] TORGamePacketHandler: Received a packet [Pong]
[2026-09-16 19:39:56] TORGameServerPacket: Constructing Packet [Pong]
[2026-09-16 19:40:00] TORGamePacketHandler: Received a packet [CMsg7CB9A193]
[2026-09-16 19:40:01] TORGamePacketHandler: Received a packet [AreaModulesList]
[2026-09-16 19:40:01] TORGamePacketHandler: Received a packet [Pong]
[2026-09-16 19:40:01] TORGameServerPacket: Constructing Packet [Pong]
[2026-09-16 19:40:02] TORGamePacketHandler: Received a packet [ModulesList]
[2026-09-16 19:40:04] TORGamePacketHandler: Received a packet [WorldByteReport]
[2026-09-16 19:40:04] WorldByteReport: World report 8EB28DE9: 48 bytes received; no reply defined by the existing C++ handler.
[2026-09-16 19:40:04] TORGamePacketHandler: Received a packet [HackNotifyData]
[2026-09-16 19:40:06] TORGamePacketHandler: Received a packet [Pong]
[2026-09-16 19:40:06] TORGameServerPacket: Constructing Packet [Pong]
[2026-09-16 19:40:08] TORGamePacketHandler: Received a packet [CMsgC26464A9]
[2026-09-16 19:40:11] TORGamePacketHandler: Received a packet [Pong]
[2026-09-16 19:40:11] TORGameServerPacket: Constructing Packet [Pong]
[2026-09-16 19:40:14] TORGamePacketHandler: Received a packet [ModulesList]
[2026-09-16 19:40:14] TORGamePacketHandler: Received a packet [WorldByteReport]
[2026-09-16 19:40:14] WorldByteReport: World report 8EB28DE9: 48 bytes received; no reply defined by the existing C++ handler.
[2026-09-16 19:40:14] TORGamePacketHandler: Received a packet [HackNotifyData]
[2026-09-16 19:40:16] TORGamePacketHandler: Received a packet [AreaModulesList]
[2026-09-16 19:40:16] TORGamePacketHandler: Received a packet [Pong]
[2026-09-16 19:40:16] TORGameServerPacket: Constructing Packet [Pong]
[2026-09-16 19:40:17] TORGamePacketHandler: Received a packet [CMsg7CB9A193]
[2026-09-16 19:40:21] TORGamePacketHandler: Received a packet [CMsgC26464A9]
[2026-09-16 19:40:21] TORGamePacketHandler: Received a packet [Pong]
[2026-09-16 19:40:21] TORGameServerPacket: Constructing Packet [Pong]
[2026-09-16 19:40:24] TORGamePacketHandler: Received a packet [WorldByteReport]
[2026-09-16 19:40:24] WorldByteReport: World report 8EB28DE9: 48 bytes received; no reply defined by the existing C++ handler.
[2026-09-16 19:40:24] TORGamePacketHandler: Received a packet [HackNotifyData]
[2026-09-16 19:40:26] TORGamePacketHandler: Received a packet [ModulesList]
[2026-09-16 19:40:26] TORGamePacketHandler: Received a packet [Pong]
[2026-09-16 19:40:26] TORGameServerPacket: Constructing Packet [Pong]
[2026-09-16 19:40:31] TORGamePacketHandler: Received a packet [AreaModulesList]
[2026-09-16 19:40:31] TORGamePacketHandler: Received a packet [Pong]
[2026-09-16 19:40:31] TORGameServerPacket: Constructing Packet [Pong]
[2026-09-16 19:40:34] TORGamePacketHandler: Received a packet [CMsgC26464A9]
[2026-09-16 19:40:34] TORGamePacketHandler: Received a packet [CMsg7CB9A193]
[2026-09-16 19:40:34] TORGamePacketHandler: Received a packet [WorldByteReport]
[2026-09-16 19:40:34] WorldByteReport: World report 8EB28DE9: 48 bytes received; no reply defined by the existing C++ handler.
[2026-09-16 19:40:34] TORGamePacketHandler: Received a packet [HackNotifyData]
[2026-09-16 19:40:36] TORGamePacketHandler: Received a packet [Pong]
[2026-09-16 19:40:36] TORGameServerPacket: Constructing Packet [Pong]
[2026-09-16 19:40:38] TORGamePacketHandler: Received a packet [ModulesList]
[2026-09-16 19:40:41] TORGamePacketHandler: Received a packet [Pong]
[2026-09-16 19:40:41] TORGameServerPacket: Constructing Packet [Pong]
[2026-09-16 19:40:44] TORGamePacketHandler: Received a packet [HackNotifyData]
[2026-09-16 19:40:44] TORGamePacketHandler: Received a packet [WorldByteReport]
[2026-09-16 19:40:44] WorldByteReport: World report 8EB28DE9: 48 bytes received; no reply defined by the existing C++ handler.
[2026-09-16 19:40:46] TORGamePacketHandler: Received a packet [AreaModulesList]
[2026-09-16 19:40:46] TORGamePacketHandler: Received a packet [Pong]
[2026-09-16 19:40:46] TORGameServerPacket: Constructing Packet [Pong]
[2026-09-16 19:40:47] TORGamePacketHandler: Received a packet [CMsgC26464A9]
